Archive member included to satisfy reference by file (symbol)

c:/nxp/mcuxpressoide_10.2.0_759/ide/tools/bin/../lib/gcc/arm-none-eabi/7.2.1/../../../../arm-none-eabi/lib/thumb/v7e-m/fpv4-sp/hard\libcr_semihost_nf.a(_cr__main.o)
                              ./startup/startup_mk64f12.o (__main)
c:/nxp/mcuxpressoide_10.2.0_759/ide/tools/bin/../lib/gcc/arm-none-eabi/7.2.1/../../../../arm-none-eabi/lib/thumb/v7e-m/fpv4-sp/hard\libcr_semihost_nf.a(_cr_assert.o)
                              ./utilities/fsl_debug_console.o (__assertion_failed)
c:/nxp/mcuxpressoide_10.2.0_759/ide/tools/bin/../lib/gcc/arm-none-eabi/7.2.1/../../../../arm-none-eabi/lib/thumb/v7e-m/fpv4-sp/hard\libcr_semihost_nf.a(__ciob.o)
                              c:/nxp/mcuxpressoide_10.2.0_759/ide/tools/bin/../lib/gcc/arm-none-eabi/7.2.1/../../../../arm-none-eabi/lib/thumb/v7e-m/fpv4-sp/hard\libcr_semihost_nf.a(_cr_assert.o) (__Ciob)
c:/nxp/mcuxpressoide_10.2.0_759/ide/tools/bin/../lib/gcc/arm-none-eabi/7.2.1/../../../../arm-none-eabi/lib/thumb/v7e-m/fpv4-sp/hard\libcr_semihost_nf.a(__sys_appexit.o)
                              c:/nxp/mcuxpressoide_10.2.0_759/ide/tools/bin/../lib/gcc/arm-none-eabi/7.2.1/../../../../arm-none-eabi/lib/thumb/v7e-m/fpv4-sp/hard\libcr_semihost_nf.a(_cr_assert.o) (__sys_appexit)
c:/nxp/mcuxpressoide_10.2.0_759/ide/tools/bin/../lib/gcc/arm-none-eabi/7.2.1/../../../../arm-none-eabi/lib/thumb/v7e-m/fpv4-sp/hard\libcr_c.a(memcpy.o)
                              ./drivers/fsl_ftfx_cache.o (memcpy)
c:/nxp/mcuxpressoide_10.2.0_759/ide/tools/bin/../lib/gcc/arm-none-eabi/7.2.1/../../../../arm-none-eabi/lib/thumb/v7e-m/fpv4-sp/hard\libcr_c.a(memset.o)
                              ./drivers/fsl_dspi.o (memset)
c:/nxp/mcuxpressoide_10.2.0_759/ide/tools/bin/../lib/gcc/arm-none-eabi/7.2.1/../../../../arm-none-eabi/lib/thumb/v7e-m/fpv4-sp/hard\libcr_c.a(_deferredlazyseek.o)
                              c:/nxp/mcuxpressoide_10.2.0_759/ide/tools/bin/../lib/gcc/arm-none-eabi/7.2.1/../../../../arm-none-eabi/lib/thumb/v7e-m/fpv4-sp/hard\libcr_semihost_nf.a(_cr_assert.o) (__flsbuf)
c:/nxp/mcuxpressoide_10.2.0_759/ide/tools/bin/../lib/gcc/arm-none-eabi/7.2.1/../../../../arm-none-eabi/lib/thumb/v7e-m/fpv4-sp/hard\libcr_c.a(_fflush.o)
                              c:/nxp/mcuxpressoide_10.2.0_759/ide/tools/bin/../lib/gcc/arm-none-eabi/7.2.1/../../../../arm-none-eabi/lib/thumb/v7e-m/fpv4-sp/hard\libcr_c.a(_deferredlazyseek.o) (_fflush)
c:/nxp/mcuxpressoide_10.2.0_759/ide/tools/bin/../lib/gcc/arm-none-eabi/7.2.1/../../../../arm-none-eabi/lib/thumb/v7e-m/fpv4-sp/hard\libcr_c.a(_writebuf.o)
                              c:/nxp/mcuxpressoide_10.2.0_759/ide/tools/bin/../lib/gcc/arm-none-eabi/7.2.1/../../../../arm-none-eabi/lib/thumb/v7e-m/fpv4-sp/hard\libcr_c.a(_deferredlazyseek.o) (_Cwritebuf)
c:/nxp/mcuxpressoide_10.2.0_759/ide/tools/bin/../lib/gcc/arm-none-eabi/7.2.1/../../../../arm-none-eabi/lib/thumb/v7e-m/fpv4-sp/hard\libcr_c.a(alloc.o)
                              ./drivers/fsl_common.o (malloc)
c:/nxp/mcuxpressoide_10.2.0_759/ide/tools/bin/../lib/gcc/arm-none-eabi/7.2.1/../../../../arm-none-eabi/lib/thumb/v7e-m/fpv4-sp/hard\libcr_c.a(fputs.o)
                              c:/nxp/mcuxpressoide_10.2.0_759/ide/tools/bin/../lib/gcc/arm-none-eabi/7.2.1/../../../../arm-none-eabi/lib/thumb/v7e-m/fpv4-sp/hard\libcr_semihost_nf.a(_cr_assert.o) (fputs)
c:/nxp/mcuxpressoide_10.2.0_759/ide/tools/bin/../lib/gcc/arm-none-eabi/7.2.1/../../../../arm-none-eabi/lib/thumb/v7e-m/fpv4-sp/hard\libcr_c.a(fseek.o)
                              c:/nxp/mcuxpressoide_10.2.0_759/ide/tools/bin/../lib/gcc/arm-none-eabi/7.2.1/../../../../arm-none-eabi/lib/thumb/v7e-m/fpv4-sp/hard\libcr_c.a(_deferredlazyseek.o) (fseek)
c:/nxp/mcuxpressoide_10.2.0_759/ide/tools/bin/../lib/gcc/arm-none-eabi/7.2.1/../../../../arm-none-eabi/lib/thumb/v7e-m/fpv4-sp/hard\libcr_c.a(ftell.o)
                              c:/nxp/mcuxpressoide_10.2.0_759/ide/tools/bin/../lib/gcc/arm-none-eabi/7.2.1/../../../../arm-none-eabi/lib/thumb/v7e-m/fpv4-sp/hard\libcr_c.a(fseek.o) (ftell)
c:/nxp/mcuxpressoide_10.2.0_759/ide/tools/bin/../lib/gcc/arm-none-eabi/7.2.1/../../../../arm-none-eabi/lib/thumb/v7e-m/fpv4-sp/hard\libcr_c.a(initio.o)
                              c:/nxp/mcuxpressoide_10.2.0_759/ide/tools/bin/../lib/gcc/arm-none-eabi/7.2.1/../../../../arm-none-eabi/lib/thumb/v7e-m/fpv4-sp/hard\libcr_semihost_nf.a(_cr__main.o) (_initio)
c:/nxp/mcuxpressoide_10.2.0_759/ide/tools/bin/../lib/gcc/arm-none-eabi/7.2.1/../../../../arm-none-eabi/lib/thumb/v7e-m/fpv4-sp/hard\libcr_c.a(printf.o)
                              ./source/main.o (_printf)
c:/nxp/mcuxpressoide_10.2.0_759/ide/tools/bin/../lib/gcc/arm-none-eabi/7.2.1/../../../../arm-none-eabi/lib/thumb/v7e-m/fpv4-sp/hard\libcr_c.a(setvbuf.o)
                              c:/nxp/mcuxpressoide_10.2.0_759/ide/tools/bin/../lib/gcc/arm-none-eabi/7.2.1/../../../../arm-none-eabi/lib/thumb/v7e-m/fpv4-sp/hard\libcr_c.a(initio.o) (setvbuf)
[...]
Memory Configuration

Name             Origin             Length             Attributes
PROGRAM_FLASH    0x00000000         0x00100000         xr
SRAM_UPPER       0x20000000         0x00030000         xrw
SRAM_LOWER       0x1fff0000         0x00010000         xrw
FLEX_RAM         0x14000000         0x00001000         xrw
*default*        0x00000000         0xffffffff

Linker script and memory map

LOAD ./utilities/fsl_debug_console.o
LOAD ./utilities/fsl_io.o
LOAD ./utilities/fsl_log.o
LOAD ./utilities/fsl_str.o
LOAD ./startup/startup_mk64f12.o
LOAD ./source/GFX_Library.o
LOAD ./source/ILI9341.o
LOAD ./source/main.o
LOAD ./source/semihost_hardfault.o
LOAD ./drivers/fsl_adc16.o
LOAD ./drivers/fsl_clock.o
LOAD ./drivers/fsl_common.o
LOAD ./drivers/fsl_dspi.o
LOAD ./drivers/fsl_ftfx_cache.o
LOAD ./drivers/fsl_ftfx_controller.o
LOAD ./drivers/fsl_ftfx_flash.o
LOAD ./drivers/fsl_ftfx_flexnvm.o
LOAD ./drivers/fsl_gpio.o
LOAD ./drivers/fsl_i2c.o
LOAD ./drivers/fsl_pit.o
LOAD ./drivers/fsl_rtc.o
LOAD ./drivers/fsl_smc.o
LOAD ./drivers/fsl_uart.o
LOAD ./board/board.o
LOAD ./board/clock_config.o
LOAD ./board/peripherals.o
LOAD ./board/pin_mux.o
LOAD ./CMSIS/system_MK64F12.o
START GROUP
LOAD c:/nxp/mcuxpressoide_10.2.0_759/ide/tools/bin/../lib/gcc/arm-none-eabi/7.2.1/../../../../arm-none-eabi/lib/thumb/v7e-m/fpv4-sp/hard\libcr_semihost_nf.a
LOAD c:/nxp/mcuxpressoide_10.2.0_759/ide/tools/bin/../lib/gcc/arm-none-eabi/7.2.1/../../../../arm-none-eabi/lib/thumb/v7e-m/fpv4-sp/hard\libcr_c.a
LOAD c:/nxp/mcuxpressoide_10.2.0_759/ide/tools/bin/../lib/gcc/arm-none-eabi/7.2.1/thumb/v7e-m/fpv4-sp/hard\libcr_eabihelpers.a
END GROUP
                0x00000000                __base_PROGRAM_FLASH = 0x0
                0x00000000                __base_Flash = 0x0
                0x00100000                __top_PROGRAM_FLASH = 0x100000
                0x00100000                __top_Flash = 0x100000
                0x20000000                __base_SRAM_UPPER = 0x20000000
                0x20000000                __base_RAM = 0x20000000
                0x20030000                __top_SRAM_UPPER = 0x20030000
                0x20030000                __top_RAM = 0x20030000
                0x1fff0000                __base_SRAM_LOWER = 0x1fff0000
                0x1fff0000                __base_RAM2 = 0x1fff0000
                0x20000000                __top_SRAM_LOWER = 0x20000000
                0x20000000                __top_RAM2 = 0x20000000
                0x14000000                __base_FLEX_RAM = 0x14000000
                0x14000000                __base_RAM3 = 0x14000000
                0x14001000                __top_FLEX_RAM = 0x14001000
                0x14001000                __top_RAM3 = 0x14001000

.text           0x00000000     0x5dc8
 FILL mask 0xff
                0x00000000                __vectors_start__ = ABSOLUTE (.)
 *(SORT_BY_ALIGNMENT(.isr_vector))
 .isr_vector    0x00000000      0x198 ./startup/startup_mk64f12.o
                0x00000000                g_pfnVectors
                0x00000000                __Vectors
                0x00000198                . = ALIGN (0x4)
                0x00000198                __section_table_start = .
                0x00000198                __data_section_table = .
                0x00000198        0x4 LONG 0x5dc8 LOADADDR (.data)
                0x0000019c        0x4 LONG 0x20000000 ADDR (.data)
                0x000001a0        0x4 LONG 0x98 SIZEOF (.data)
                0x000001a4        0x4 LONG 0x5dc8 LOADADDR (.data_RAM2)
                0x000001a8        0x4 LONG 0x1fff0000 ADDR (.data_RAM2)
                0x000001ac        0x4 LONG 0x0 SIZEOF (.data_RAM2)
                0x000001b0        0x4 LONG 0x5dc8 LOADADDR (.data_RAM3)
                0x000001b4        0x4 LONG 0x14000000 ADDR (.data_RAM3)
                0x000001b8        0x4 LONG 0x0 SIZEOF (.data_RAM3)
                0x000001bc                __data_section_table_end = .
                0x000001bc                __bss_section_table = .
                0x000001bc        0x4 LONG 0x20000098 ADDR (.bss)
                0x000001c0        0x4 LONG 0x25938 SIZEOF (.bss)
                0x000001c4        0x4 LONG 0x1fff0000 ADDR (.bss_RAM2)
                0x000001c8        0x4 LONG 0x0 SIZEOF (.bss_RAM2)
                0x000001cc        0x4 LONG 0x14000000 ADDR (.bss_RAM3)
                0x000001d0        0x4 LONG 0x0 SIZEOF (.bss_RAM3)
                0x000001d4                __bss_section_table_end = .
                0x000001d4                __section_table_end = .
 *(SORT_BY_ALIGNMENT(.after_vectors*))
 .after_vectors.reset
                0x000001d4       0x4c ./startup/startup_mk64f12.o
                0x000001d4                ResetISR
 .after_vectors.init_data
                0x00000220       0x1e ./startup/startup_mk64f12.o
                0x00000220                data_init
 .after_vectors.init_bss
                0x0000023e       0x12 ./startup/startup_mk64f12.o
                0x0000023e                bss_init
 .after_vectors
                0x00000250       0x14 ./startup/startup_mk64f12.o
                0x00000250                NMI_Handler
                0x00000254                MemManage_Handler
                0x00000256                BusFault_Handler
                0x00000258                UsageFault_Handler
                0x0000025a                SVC_Handler
                0x0000025c                DebugMon_Handler
                0x0000025e                PendSV_Handler
                0x00000260                SysTick_Handler
                0x00000262                DMA_Error_DriverIRQHandler
                0x00000262                FTM1_DriverIRQHandler
                0x00000262                FTM2_DriverIRQHandler
                0x00000262                PIT2_DriverIRQHandler
                0x00000262                SDHC_DriverIRQHandler
                0x00000262                I2S0_Tx_DriverIRQHandler
                0x00000262                RTC_Seconds_DriverIRQHandler
                0x00000262                DMA6_DriverIRQHandler
                0x00000262                LLWU_DriverIRQHandler
                0x00000262                MCM_DriverIRQHandler
                0x00000262                MCG_DriverIRQHandler
                0x00000262                ENET_1588_Timer_DriverIRQHandler
                0x00000262                DAC1_DriverIRQHandler
                0x00000262                LPTMR0_DriverIRQHandler
                0x00000262                CMP1_DriverIRQHandler
                0x00000262                FTM0_DriverIRQHandler
                0x00000262                IntDefaultHandler
                0x00000262                USB0_DriverIRQHandler
                0x00000262                UART5_ERR_DriverIRQHandler
                0x00000262                PORTC_DriverIRQHandler
                0x00000262                DMA11_DriverIRQHandler
                0x00000262                DAC0_DriverIRQHandler
                0x00000262                DMA10_DriverIRQHandler
                0x00000262                CMP2_DriverIRQHandler
                0x00000262                UART2_ERR_DriverIRQHandler
                0x00000262                LVD_LVW_DriverIRQHandler
                0x00000262                PIT0_DriverIRQHandler
                0x00000262                DMA12_DriverIRQHandler
                0x00000262                DMA5_DriverIRQHandler
                0x00000262                DMA4_DriverIRQHandler
                0x00000262                USBDCD_DriverIRQHandler
                0x00000262                UART3_ERR_DriverIRQHandler
                0x00000262                DMA3_DriverIRQHandler
                0x00000262                DMA8_DriverIRQHandler
                0x00000262                DMA9_DriverIRQHandler
                0x00000262                UART0_ERR_DriverIRQHandler
                0x00000262                CMT_DriverIRQHandler
                0x00000262                Reserved71_DriverIRQHandler
                0x00000262                ADC1_DriverIRQHandler
                0x00000262                PORTA_DriverIRQHandler
                0x00000262                DMA14_DriverIRQHandler
                0x00000262                PIT3_DriverIRQHandler
                0x00000262                PIT1_DriverIRQHandler
                0x00000262                WDOG_EWM_DriverIRQHandler
                0x00000262                PDB0_DriverIRQHandler
                0x00000262                RTC_DriverIRQHandler
                0x00000262                I2S0_Rx_DriverIRQHandler
                0x00000262                Read_Collision_DriverIRQHandler
                0x00000262                SWI_DriverIRQHandler
                0x00000262                UART4_ERR_DriverIRQHandler
                0x00000262                PORTB_DriverIRQHandler
                0x00000262                UART0_LON_DriverIRQHandler
                0x00000262                DMA0_DriverIRQHandler
                0x00000262                DMA1_DriverIRQHandler
                0x00000262                ENET_Receive_DriverIRQHandler
                0x00000262                DMA13_DriverIRQHandler
                0x00000262                ENET_Error_DriverIRQHandler
                0x00000262                DMA15_DriverIRQHandler
                0x00000262                ADC0_DriverIRQHandler
                0x00000262                CMP0_DriverIRQHandler
                0x00000262                CAN0_DriverIRQHandler
                0x00000262                FTM3_DriverIRQHandler
                0x00000262                RNG_DriverIRQHandler
                0x00000262                UART1_ERR_DriverIRQHandler
                0x00000262                DMA2_DriverIRQHandler
                0x00000262                ENET_Transmit_DriverIRQHandler
                0x00000262                PORTD_DriverIRQHandler
                0x00000262                PORTE_DriverIRQHandler
                0x00000262                FTFE_DriverIRQHandler
                0x00000262                DMA7_DriverIRQHandler
                0x00000400                . = 0x400
 *fill*         0x00000264      0x19c ff
                0x00000400                PROVIDE (__FLASH_CONFIG_START__, .)
 *(SORT_BY_ALIGNMENT(.FlashConfig))
 .FlashConfig   0x00000400       0x10 ./startup/startup_mk64f12.o
                0x00000400                Flash_Config
                0x00000410                PROVIDE (__FLASH_CONFIG_END__, .)
                0x00000001                ASSERT (! ((__FLASH_CONFIG_START__ == __FLASH_CONFIG_END__)), Linker Flash Config Support Enabled, but no .FlashConfig section provided within application)
 *(SORT_BY_ALIGNMENT(.text*))
 .text.DbgConsole_Init
                0x00000410       0x38 ./utilities/fsl_debug_console.o
                0x00000410                DbgConsole_Init
 .text.IO_Init  0x00000448       0x80 ./utilities/fsl_io.o
                0x00000448                IO_Init
 .text.display_setCursor
                0x000004c8       0x34 ./source/GFX_Library.o
                0x000004c8                display_setCursor
 .text.display_setTextColor
                0x000004fc       0x2c ./source/GFX_Library.o
                0x000004fc                display_setTextColor
 .text.display_setTextSize
                0x00000528       0x2c ./source/GFX_Library.o
                0x00000528                display_setTextSize
 .text.display_print
                0x00000554      0x3a0 ./source/GFX_Library.o
                0x00000554                display_print
 .text.pit_callback
                0x000008f4       0x20 ./source/ILI9341.o
                0x000008f4                pit_callback
 .text.delay150Ms
                0x00000914       0x30 ./source/ILI9341.o
                0x00000914                delay150Ms
 .text.writeCommand
                0x00000944       0x5c ./source/ILI9341.o
                0x00000944                writeCommand
 .text.writeData
                0x000009a0       0x48 ./source/ILI9341.o
                0x000009a0                writeData
 .text.tft_begin
                0x000009e8       0xc0 ./source/ILI9341.o
                0x000009e8                tft_begin
 .text.setAddrWindow
                0x00000aa8       0xf0 ./source/ILI9341.o
                0x00000aa8                setAddrWindow
 .text.drawPixel
                0x00000b98       0x84 ./source/ILI9341.o
                0x00000b98                drawPixel
 .text.drawVLine
                0x00000c1c       0xe8 ./source/ILI9341.o
                0x00000c1c                drawVLine
 .text.fillRect
                0x00000d04      0x110 ./source/ILI9341.o
                0x00000d04                fillRect
 .text.fillScreen
                0x00000e14       0x30 ./source/ILI9341.o
                0x00000e14                fillScreen
 .text.get_display_width
                0x00000e44       0x18 ./source/ILI9341.o
                0x00000e44                get_display_width
 .text.get_display_height
                0x00000e5c       0x18 ./source/ILI9341.o
                0x00000e5c                get_display_height
 .text.main     0x00000e74       0xc4 ./source/main.o
                0x00000e74                main
 .text.PIT0_IRQHandler
                0x00000f38       0x1c ./source/main.o
                0x00000f38                PIT0_IRQHandler
 .text.PIT1_IRQHandler
                0x00000f54       0x18 ./source/main.o
                0x00000f54                PIT1_IRQHandler
 .text.test_playlist2
                0x00000f6c       0x70 ./source/main.o
                0x00000f6c                test_playlist2
 .text.CLOCK_GetMcgExtClkFreq
                0x00000fdc       0x78 ./drivers/fsl_clock.o
 .text.CLOCK_GetFllExtRefClkFreq
                0x00001054       0xd0 ./drivers/fsl_clock.o
 .text.CLOCK_GetInternalRefClkSelectFreq
                0x00001124       0x44 ./drivers/fsl_clock.o
 .text.CLOCK_GetFllRefClkFreq
                0x00001168       0x2c ./drivers/fsl_clock.o
 .text.CLOCK_GetOsc0ErClkFreq
                0x00001194       0x38 ./drivers/fsl_clock.o
                0x00001194                CLOCK_GetOsc0ErClkFreq
 .text.CLOCK_GetEr32kClkFreq
                0x000011cc       0x70 ./drivers/fsl_clock.o
                0x000011cc                CLOCK_GetEr32kClkFreq
 .text.CLOCK_GetPllFllSelClkFreq
                0x0000123c       0x54 ./drivers/fsl_clock.o
                0x0000123c                CLOCK_GetPllFllSelClkFreq
 .text.CLOCK_GetCoreSysClkFreq
                0x00001290       0x28 ./drivers/fsl_clock.o
                0x00001290                CLOCK_GetCoreSysClkFreq
 .text.CLOCK_GetFreq
                0x000012b8      0x148 ./drivers/fsl_clock.o
                0x000012b8                CLOCK_GetFreq
 .text.CLOCK_GetOutClkFreq
                0x00001400       0x64 ./drivers/fsl_clock.o
                0x00001400                CLOCK_GetOutClkFreq
 .text.CLOCK_GetFllFreq
                0x00001464       0x7c ./drivers/fsl_clock.o
                0x00001464                CLOCK_GetFllFreq
 .text.CLOCK_GetInternalRefClkFreq
                0x000014e0       0x24 ./drivers/fsl_clock.o
                0x000014e0                CLOCK_GetInternalRefClkFreq
 .text.CLOCK_GetPll0Freq
                0x00001504       0x68 ./drivers/fsl_clock.o
                0x00001504                CLOCK_GetPll0Freq
 .text.DSPI_GetInstance
                0x0000156c       0x4c ./drivers/fsl_dspi.o
                0x0000156c                DSPI_GetInstance
 .text.DSPI_SetDummyData
                0x000015b8       0x2c ./drivers/fsl_dspi.o
                0x000015b8                DSPI_SetDummyData
 .text.DSPI_MasterInit
                0x000015e4      0x16c ./drivers/fsl_dspi.o
                0x000015e4                DSPI_MasterInit
 .text.DSPI_MasterSetBaudRate
                0x00001750      0x120 ./drivers/fsl_dspi.o
                0x00001750                DSPI_MasterSetBaudRate
 .text.DSPI_MasterSetDelayTimes
                0x00001870      0x128 ./drivers/fsl_dspi.o
                0x00001870                DSPI_MasterSetDelayTimes
 .text.DSPI_MasterTransferBlocking
                0x00001998      0x47c ./drivers/fsl_dspi.o
                0x00001998                DSPI_MasterTransferBlocking
 .text.DSPI_CommonIRQHandler
                0x00001e14       0x40 ./drivers/fsl_dspi.o
 .text.SPI0_DriverIRQHandler
                0x00001e54       0x30 ./drivers/fsl_dspi.o
                0x00001e54                SPI0_DriverIRQHandler
 .text.SPI1_DriverIRQHandler
                0x00001e84       0x30 ./drivers/fsl_dspi.o
                0x00001e84                SPI1_DriverIRQHandler
 .text.SPI2_DriverIRQHandler
                0x00001eb4       0x30 ./drivers/fsl_dspi.o
                0x00001eb4                SPI2_DriverIRQHandler
 .text.GPIO_PinInit
                0x00001ee4       0x64 ./drivers/fsl_gpio.o
                0x00001ee4                GPIO_PinInit
 .text.I2C_TransferCommonIRQHandler
                0x00001f48       0x50 ./drivers/fsl_i2c.o
 .text.I2C0_DriverIRQHandler
                0x00001f98       0x1c ./drivers/fsl_i2c.o
                0x00001f98                I2C0_DriverIRQHandler
 .text.I2C1_DriverIRQHandler
                0x00001fb4       0x1c ./drivers/fsl_i2c.o
                0x00001fb4                I2C1_DriverIRQHandler
 .text.I2C2_DriverIRQHandler
                0x00001fd0       0x1c ./drivers/fsl_i2c.o
                0x00001fd0                I2C2_DriverIRQHandler
 .text.PIT_GetInstance
                0x00001fec       0x44 ./drivers/fsl_pit.o
 .text.PIT_Init
                0x00002030       0x64 ./drivers/fsl_pit.o
                0x00002030                PIT_Init
 .text.UART_GetInstance
                0x00002094       0x54 ./drivers/fsl_uart.o
                0x00002094                UART_GetInstance
 .text.UART_Init
                0x000020e8      0x2d8 ./drivers/fsl_uart.o
                0x000020e8                UART_Init
 .text.UART_GetDefaultConfig
                0x000023c0       0x60 ./drivers/fsl_uart.o
                0x000023c0                UART_GetDefaultConfig
 .text.UART0_DriverIRQHandler
                0x00002420       0x28 ./drivers/fsl_uart.o
                0x00002420                UART0_DriverIRQHandler
 .text.UART1_DriverIRQHandler
                0x00002448       0x28 ./drivers/fsl_uart.o
                0x00002448                UART1_DriverIRQHandler
 .text.UART2_DriverIRQHandler
                0x00002470       0x28 ./drivers/fsl_uart.o
                0x00002470                UART2_DriverIRQHandler
 .text.UART3_DriverIRQHandler
                0x00002498       0x28 ./drivers/fsl_uart.o
                0x00002498                UART3_DriverIRQHandler
 .text.UART4_DriverIRQHandler
                0x000024c0       0x28 ./drivers/fsl_uart.o
                0x000024c0                UART4_DriverIRQHandler
 .text.UART5_DriverIRQHandler
                0x000024e8       0x28 ./drivers/fsl_uart.o
                0x000024e8                UART5_DriverIRQHandler
 .text.BOARD_InitDebugConsole
                0x00002510       0x28 ./board/board.o
                0x00002510                BOARD_InitDebugConsole
 .text.__NVIC_EnableIRQ
                0x00002538       0x3c ./board/peripherals.o
 .text.SPI_0_init
                0x00002574       0x24 ./board/peripherals.o
                0x00002574                SPI_0_init
 .text.PIT_1_init
                0x00002598       0x78 ./board/peripherals.o
                0x00002598                PIT_1_init
 .text.BOARD_InitPins
                0x00002610       0x94 ./board/pin_mux.o
                0x00002610                BOARD_InitPins
 .text.SystemInit
                0x000026a4       0x3c ./CMSIS/system_MK64F12.o
                0x000026a4                SystemInit
 .text.__assertion_failed
                0x000026e0       0x4c c:/nxp/mcuxpressoide_10.2.0_759/ide/tools/bin/../lib/gcc/arm-none-eabi/7.2.1/../../../../arm-none-eabi/lib/thumb/v7e-m/fpv4-sp/hard\libcr_semihost_nf.a(_cr_assert.o)
                0x000026e0                __assertion_failed
 .text.__sys_appexit
                0x0000272c        0xc c:/nxp/mcuxpressoide_10.2.0_759/ide/tools/bin/../lib/gcc/arm-none-eabi/7.2.1/../../../../arm-none-eabi/lib/thumb/v7e-m/fpv4-sp/hard\libcr_semihost_nf.a(__sys_appexit.o)
                0x0000272c                __sys_appexit
                0x0000272c                __exit
 .text._Cwritebuf
                0x00002738       0x6c c:/nxp/mcuxpressoide_10.2.0_759/ide/tools/bin/../lib/gcc/arm-none-eabi/7.2.1/../../../../arm-none-eabi/lib/thumb/v7e-m/fpv4-sp/hard\libcr_c.a(_writebuf.o)
                0x00002738                _Cwritebuf
 .text.malloc   0x000027a4       0xc8 c:/nxp/mcuxpressoide_10.2.0_759/ide/tools/bin/../lib/gcc/arm-none-eabi/7.2.1/../../../../arm-none-eabi/lib/thumb/v7e-m/fpv4-sp/hard\libcr_c.a(alloc.o)
                0x000027a4                malloc
 .text._Csys_alloc
                0x0000286c       0x20 c:/nxp/mcuxpressoide_10.2.0_759/ide/tools/bin/../lib/gcc/arm-none-eabi/7.2.1/../../../../arm-none-eabi/lib/thumb/v7e-m/fpv4-sp/hard\libcr_c.a(alloc.o)
                0x0000286c                _Csys_alloc
 .text.fseek    0x0000288c      0x100 c:/nxp/mcuxpressoide_10.2.0_759/ide/tools/bin/../lib/gcc/arm-none-eabi/7.2.1/../../../../arm-none-eabi/lib/thumb/v7e-m/fpv4-sp/hard\libcr_c.a(fseek.o)
                0x0000288c                fseek
 .text.ftell    0x0000298c       0x44 c:/nxp/mcuxpressoide_10.2.0_759/ide/tools/bin/../lib/gcc/arm-none-eabi/7.2.1/../../../../arm-none-eabi/lib/thumb/v7e-m/fpv4-sp/hard\libcr_c.a(ftell.o)
                0x0000298c                ftell
 .text._initio  0x000029d0       0x78 c:/nxp/mcuxpressoide_10.2.0_759/ide/tools/bin/../lib/gcc/arm-none-eabi/7.2.1/../../../../arm-none-eabi/lib/thumb/v7e-m/fpv4-sp/hard\libcr_c.a(initio.o)
                0x000029d0                _initio
 .text.__vfprintf
                0x00002a48      0xb98 c:/nxp/mcuxpressoide_10.2.0_759/ide/tools/bin/../lib/gcc/arm-none-eabi/7.2.1/../../../../arm-none-eabi/lib/thumb/v7e-m/fpv4-sp/hard\libcr_c.a(printf.o)
                0x00002a48                __vfprintf
 .text._vsnprintf
                0x000035e0       0x5c c:/nxp/mcuxpressoide_10.2.0_759/ide/tools/bin/../lib/gcc/arm-none-eabi/7.2.1/../../../../arm-none-eabi/lib/thumb/v7e-m/fpv4-sp/hard\libcr_c.a(printf.o)
                0x000035e0                _vsnprintf
 .text._printf  0x0000363c       0x54 c:/nxp/mcuxpressoide_10.2.0_759/ide/tools/bin/../lib/gcc/arm-none-eabi/7.2.1/../../../../arm-none-eabi/lib/thumb/v7e-m/fpv4-sp/hard\libcr_c.a(printf.o)
                0x0000363c                _printf
 .text.setvbuf  0x00003690       0x40 c:/nxp/mcuxpressoide_10.2.0_759/ide/tools/bin/../lib/gcc/arm-none-eabi/7.2.1/../../../../arm-none-eabi/lib/thumb/v7e-m/fpv4-sp/hard\libcr_c.a(setvbuf.o)
                0x00003690                setvbuf
 .text._sbrk    0x000036d0       0x3c c:/nxp/mcuxpressoide_10.2.0_759/ide/tools/bin/../lib/gcc/arm-none-eabi/7.2.1/../../../../arm-none-eabi/lib/thumb/v7e-m/fpv4-sp/hard\libcr_c.a(_cr_sbrk.o)
                0x000036d0                _sbrk
 .text.fflush   0x0000370c       0x44 c:/nxp/mcuxpressoide_10.2.0_759/ide/tools/bin/../lib/gcc/arm-none-eabi/7.2.1/../../../../arm-none-eabi/lib/thumb/v7e-m/fpv4-sp/hard\libcr_c.a(fflush.o)
                0x0000370c                fflush
 .text.__check_heap_overflow
                0x00003750       0x18 c:/nxp/mcuxpressoide_10.2.0_759/ide/tools/bin/../lib/gcc/arm-none-eabi/7.2.1/../../../../arm-none-eabi/lib/thumb/v7e-m/fpv4-sp/hard\libcr_c.a(_cr_check_heap.o)
                0x00003750                __check_heap_overflow
 .text.UART_EnableTx
                0x00003768       0x40 ./utilities/fsl_io.o
 .text.UART_EnableRx
                0x000037a8       0x40 ./utilities/fsl_io.o
 .text.LOG_Init
                0x000037e8       0x30 ./utilities/fsl_log.o
                0x000037e8                LOG_Init
 .text.DMA0_IRQHandler
                0x00003818        0x8 ./startup/startup_mk64f12.o
                0x00003818                DMA0_IRQHandler
 .text.DMA1_IRQHandler
                0x00003820        0x8 ./startup/startup_mk64f12.o
                0x00003820                DMA1_IRQHandler
 .text.DMA2_IRQHandler
                0x00003828        0x8 ./startup/startup_mk64f12.o
                0x00003828                DMA2_IRQHandler
 .text.DMA3_IRQHandler
                0x00003830        0x8 ./startup/startup_mk64f12.o
                0x00003830                DMA3_IRQHandler
 .text.DMA4_IRQHandler
                0x00003838        0x8 ./startup/startup_mk64f12.o
                0x00003838                DMA4_IRQHandler
 .text.DMA5_IRQHandler
                0x00003840        0x8 ./startup/startup_mk64f12.o
                0x00003840                DMA5_IRQHandler
 .text.DMA6_IRQHandler
                0x00003848        0x8 ./startup/startup_mk64f12.o
                0x00003848                DMA6_IRQHandler
 .text.DMA7_IRQHandler
                0x00003850        0x8 ./startup/startup_mk64f12.o
                0x00003850                DMA7_IRQHandler
 .text.DMA8_IRQHandler
                0x00003858        0x8 ./startup/startup_mk64f12.o
                0x00003858                DMA8_IRQHandler
 .text.DMA9_IRQHandler
                0x00003860        0x8 ./startup/startup_mk64f12.o
                0x00003860                DMA9_IRQHandler
 .text.DMA10_IRQHandler
                0x00003868        0x8 ./startup/startup_mk64f12.o
                0x00003868                DMA10_IRQHandler
 .text.DMA11_IRQHandler
                0x00003870        0x8 ./startup/startup_mk64f12.o
                0x00003870                DMA11_IRQHandler
 .text.DMA12_IRQHandler
                0x00003878        0x8 ./startup/startup_mk64f12.o
                0x00003878                DMA12_IRQHandler
 .text.DMA13_IRQHandler
                0x00003880        0x8 ./startup/startup_mk64f12.o
                0x00003880                DMA13_IRQHandler
 .text.DMA14_IRQHandler
                0x00003888        0x8 ./startup/startup_mk64f12.o
                0x00003888                DMA14_IRQHandler
 .text.DMA15_IRQHandler
                0x00003890        0x8 ./startup/startup_mk64f12.o
                0x00003890                DMA15_IRQHandler
 .text.DMA_Error_IRQHandler
                0x00003898        0x8 ./startup/startup_mk64f12.o
                0x00003898                DMA_Error_IRQHandler
 .text.MCM_IRQHandler
                0x000038a0        0x8 ./startup/startup_mk64f12.o
                0x000038a0                MCM_IRQHandler
 .text.FTFE_IRQHandler
                0x000038a8        0x8 ./startup/startup_mk64f12.o
                0x000038a8                FTFE_IRQHandler
 .text.Read_Collision_IRQHandler
                0x000038b0        0x8 ./startup/startup_mk64f12.o
                0x000038b0                Read_Collision_IRQHandler
 .text.LVD_LVW_IRQHandler
                0x000038b8        0x8 ./startup/startup_mk64f12.o
                0x000038b8                LVD_LVW_IRQHandler
 .text.LLWU_IRQHandler
                0x000038c0        0x8 ./startup/startup_mk64f12.o
                0x000038c0                LLWU_IRQHandler
 .text.WDOG_EWM_IRQHandler
                0x000038c8        0x8 ./startup/startup_mk64f12.o
                0x000038c8                WDOG_EWM_IRQHandler
 .text.RNG_IRQHandler
                0x000038d0        0x8 ./startup/startup_mk64f12.o
                0x000038d0                RNG_IRQHandler
 .text.I2C0_IRQHandler
                0x000038d8        0x8 ./startup/startup_mk64f12.o
                0x000038d8                I2C0_IRQHandler
 .text.I2C1_IRQHandler
                0x000038e0        0x8 ./startup/startup_mk64f12.o
                0x000038e0                I2C1_IRQHandler
 .text.SPI0_IRQHandler
                0x000038e8        0x8 ./startup/startup_mk64f12.o
                0x000038e8                SPI0_IRQHandler
 .text.SPI1_IRQHandler
                0x000038f0        0x8 ./startup/startup_mk64f12.o
                0x000038f0                SPI1_IRQHandler
 .text.I2S0_Tx_IRQHandler
                0x000038f8        0x8 ./startup/startup_mk64f12.o
                0x000038f8                I2S0_Tx_IRQHandler
 .text.I2S0_Rx_IRQHandler
                0x00003900        0x8 ./startup/startup_mk64f12.o
                0x00003900                I2S0_Rx_IRQHandler
 .text.UART0_LON_IRQHandler
                0x00003908        0x8 ./startup/startup_mk64f12.o
                0x00003908                UART0_LON_IRQHandler
 .text.UART0_RX_TX_IRQHandler
                0x00003910        0x8 ./startup/startup_mk64f12.o
                0x00003910                UART0_RX_TX_IRQHandler
 .text.UART0_ERR_IRQHandler
                0x00003918        0x8 ./startup/startup_mk64f12.o
                0x00003918                UART0_ERR_IRQHandler
 .text.UART1_RX_TX_IRQHandler
                0x00003920        0x8 ./startup/startup_mk64f12.o
                0x00003920                UART1_RX_TX_IRQHandler
 .text.UART1_ERR_IRQHandler
                0x00003928        0x8 ./startup/startup_mk64f12.o
                0x00003928                UART1_ERR_IRQHandler
 .text.UART2_RX_TX_IRQHandler
                0x00003930        0x8 ./startup/startup_mk64f12.o
                0x00003930                UART2_RX_TX_IRQHandler
 .text.UART2_ERR_IRQHandler
                0x00003938        0x8 ./startup/startup_mk64f12.o
                0x00003938                UART2_ERR_IRQHandler
 .text.UART3_RX_TX_IRQHandler
                0x00003940        0x8 ./startup/startup_mk64f12.o
                0x00003940                UART3_RX_TX_IRQHandler
 .text.UART3_ERR_IRQHandler
                0x00003948        0x8 ./startup/startup_mk64f12.o
                0x00003948                UART3_ERR_IRQHandler
 .text.ADC0_IRQHandler
                0x00003950        0x8 ./startup/startup_mk64f12.o
                0x00003950                ADC0_IRQHandler
 .text.CMP0_IRQHandler
                0x00003958        0x8 ./startup/startup_mk64f12.o
                0x00003958                CMP0_IRQHandler
 .text.CMP1_IRQHandler
                0x00003960        0x8 ./startup/startup_mk64f12.o
                0x00003960                CMP1_IRQHandler
 .text.FTM0_IRQHandler
                0x00003968        0x8 ./startup/startup_mk64f12.o
                0x00003968                FTM0_IRQHandler
 .text.FTM1_IRQHandler
                0x00003970        0x8 ./startup/startup_mk64f12.o
                0x00003970                FTM1_IRQHandler
 .text.FTM2_IRQHandler
                0x00003978        0x8 ./startup/startup_mk64f12.o
                0x00003978                FTM2_IRQHandler
 .text.CMT_IRQHandler
                0x00003980        0x8 ./startup/startup_mk64f12.o
                0x00003980                CMT_IRQHandler
 .text.RTC_IRQHandler
                0x00003988        0x8 ./startup/startup_mk64f12.o
                0x00003988                RTC_IRQHandler
 .text.RTC_Seconds_IRQHandler
                0x00003990        0x8 ./startup/startup_mk64f12.o
                0x00003990                RTC_Seconds_IRQHandler
 .text.PIT2_IRQHandler
                0x00003998        0x8 ./startup/startup_mk64f12.o
                0x00003998                PIT2_IRQHandler
 .text.PIT3_IRQHandler
                0x000039a0        0x8 ./startup/startup_mk64f12.o
                0x000039a0                PIT3_IRQHandler
 .text.PDB0_IRQHandler
                0x000039a8        0x8 ./startup/startup_mk64f12.o
                0x000039a8                PDB0_IRQHandler
 .text.USB0_IRQHandler
                0x000039b0        0x8 ./startup/startup_mk64f12.o
                0x000039b0                USB0_IRQHandler
 .text.USBDCD_IRQHandler
                0x000039b8        0x8 ./startup/startup_mk64f12.o
                0x000039b8                USBDCD_IRQHandler
 .text.Reserved71_IRQHandler
                0x000039c0        0x8 ./startup/startup_mk64f12.o
                0x000039c0                Reserved71_IRQHandler
 .text.DAC0_IRQHandler
                0x000039c8        0x8 ./startup/startup_mk64f12.o
                0x000039c8                DAC0_IRQHandler
 .text.MCG_IRQHandler
                0x000039d0        0x8 ./startup/startup_mk64f12.o
                0x000039d0                MCG_IRQHandler
 .text.LPTMR0_IRQHandler
                0x000039d8        0x8 ./startup/startup_mk64f12.o
                0x000039d8                LPTMR0_IRQHandler
 .text.PORTA_IRQHandler
                0x000039e0        0x8 ./startup/startup_mk64f12.o
                0x000039e0                PORTA_IRQHandler
 .text.PORTB_IRQHandler
                0x000039e8        0x8 ./startup/startup_mk64f12.o
                0x000039e8                PORTB_IRQHandler
 .text.PORTC_IRQHandler
                0x000039f0        0x8 ./startup/startup_mk64f12.o
                0x000039f0                PORTC_IRQHandler
 .text.PORTD_IRQHandler
                0x000039f8        0x8 ./startup/startup_mk64f12.o
                0x000039f8                PORTD_IRQHandler
 .text.PORTE_IRQHandler
                0x00003a00        0x8 ./startup/startup_mk64f12.o
                0x00003a00                PORTE_IRQHandler
 .text.SWI_IRQHandler
                0x00003a08        0x8 ./startup/startup_mk64f12.o
                0x00003a08                SWI_IRQHandler
 .text.SPI2_IRQHandler
                0x00003a10        0x8 ./startup/startup_mk64f12.o
                0x00003a10                SPI2_IRQHandler
 .text.UART4_RX_TX_IRQHandler
                0x00003a18        0x8 ./startup/startup_mk64f12.o
                0x00003a18                UART4_RX_TX_IRQHandler
 .text.UART4_ERR_IRQHandler
                0x00003a20        0x8 ./startup/startup_mk64f12.o
                0x00003a20                UART4_ERR_IRQHandler
 .text.UART5_RX_TX_IRQHandler
                0x00003a28        0x8 ./startup/startup_mk64f12.o
                0x00003a28                UART5_RX_TX_IRQHandler
 .text.UART5_ERR_IRQHandler
                0x00003a30        0x8 ./startup/startup_mk64f12.o
                0x00003a30                UART5_ERR_IRQHandler
 .text.CMP2_IRQHandler
                0x00003a38        0x8 ./startup/startup_mk64f12.o
                0x00003a38                CMP2_IRQHandler
 .text.FTM3_IRQHandler
                0x00003a40        0x8 ./startup/startup_mk64f12.o
                0x00003a40                FTM3_IRQHandler
 .text.DAC1_IRQHandler
                0x00003a48        0x8 ./startup/startup_mk64f12.o
                0x00003a48                DAC1_IRQHandler
 .text.ADC1_IRQHandler
                0x00003a50        0x8 ./startup/startup_mk64f12.o
                0x00003a50                ADC1_IRQHandler
 .text.I2C2_IRQHandler
                0x00003a58        0x8 ./startup/startup_mk64f12.o
                0x00003a58                I2C2_IRQHandler
 .text.CAN0_ORed_Message_buffer_IRQHandler
                0x00003a60        0x8 ./startup/startup_mk64f12.o
                0x00003a60                CAN0_ORed_Message_buffer_IRQHandler
 .text.CAN0_Bus_Off_IRQHandler
                0x00003a68        0x8 ./startup/startup_mk64f12.o
                0x00003a68                CAN0_Bus_Off_IRQHandler
 .text.CAN0_Error_IRQHandler
                0x00003a70        0x8 ./startup/startup_mk64f12.o
                0x00003a70                CAN0_Error_IRQHandler
 .text.CAN0_Tx_Warning_IRQHandler
                0x00003a78        0x8 ./startup/startup_mk64f12.o
                0x00003a78                CAN0_Tx_Warning_IRQHandler
 .text.CAN0_Rx_Warning_IRQHandler
                0x00003a80        0x8 ./startup/startup_mk64f12.o
                0x00003a80                CAN0_Rx_Warning_IRQHandler
 .text.CAN0_Wake_Up_IRQHandler
                0x00003a88        0x8 ./startup/startup_mk64f12.o
                0x00003a88                CAN0_Wake_Up_IRQHandler
 .text.SDHC_IRQHandler
                0x00003a90        0x8 ./startup/startup_mk64f12.o
                0x00003a90                SDHC_IRQHandler
 .text.ENET_1588_Timer_IRQHandler
                0x00003a98        0x8 ./startup/startup_mk64f12.o
                0x00003a98                ENET_1588_Timer_IRQHandler
 .text.ENET_Transmit_IRQHandler
                0x00003aa0        0x8 ./startup/startup_mk64f12.o
                0x00003aa0                ENET_Transmit_IRQHandler
 .text.ENET_Receive_IRQHandler
                0x00003aa8        0x8 ./startup/startup_mk64f12.o
                0x00003aa8                ENET_Receive_IRQHandler
 .text.ENET_Error_IRQHandler
                0x00003ab0        0x8 ./startup/startup_mk64f12.o
                0x00003ab0                ENET_Error_IRQHandler
 .text.display_printString
                0x00003ab8       0x36 ./source/GFX_Library.o
                0x00003ab8                display_printString
 .text.GPIO_PortSet
                0x00003aee       0x1c ./source/ILI9341.o
 .text.GPIO_PortClear
                0x00003b0a       0x1c ./source/ILI9341.o
 .text.PIT_StartTimer
                0x00003b26       0x38 ./source/ILI9341.o
 .text.PIT_StopTimer
                0x00003b5e       0x38 ./source/ILI9341.o
 .text.PIT_ClearStatusFlags
                0x00003b96       0x2a ./source/main.o
 .text.disp_song_selected
                0x00003bc0       0x50 ./source/main.o
                0x00003bc0                disp_song_selected
 .text.disp_song_unselected
                0x00003c10       0x50 ./source/main.o
                0x00003c10                disp_song_unselected
 .text.HardFault_Handler
                0x00003c60       0x2c ./source/semihost_hardfault.o
                0x00003c60                HardFault_Handler
 .text.CLOCK_GetPll0RefFreq
                0x00003c8c        0xe ./drivers/fsl_clock.o
 .text.CLOCK_GetFixedFreqClkFreq
                0x00003c9a       0x2e ./drivers/fsl_clock.o
                0x00003c9a                CLOCK_GetFixedFreqClkFreq
 .text.CLOCK_EnableClock
                0x00003cc8       0x34 ./drivers/fsl_dspi.o
 .text.DSPI_Enable
                0x00003cfc       0x38 ./drivers/fsl_dspi.o
 .text.DSPI_GetStatusFlags
                0x00003d34       0x18 ./drivers/fsl_dspi.o
 .text.DSPI_ClearStatusFlags
                0x00003d4c       0x1c ./drivers/fsl_dspi.o
 .text.DSPI_DisableInterrupts
                0x00003d68       0x24 ./drivers/fsl_dspi.o
 .text.DSPI_SetMasterSlaveMode
                0x00003d8c       0x2a ./drivers/fsl_dspi.o
 .text.DSPI_IsMaster
                0x00003db6       0x1c ./drivers/fsl_dspi.o
 .text.DSPI_StartTransfer
                0x00003dd2       0x20 ./drivers/fsl_dspi.o
 .text.DSPI_StopTransfer
                0x00003df2       0x20 ./drivers/fsl_dspi.o
 .text.DSPI_FlushFifo
                0x00003e12       0x3c ./drivers/fsl_dspi.o
 .text.DSPI_MasterGetFormattedCommand
                0x00003e4e       0x4a ./drivers/fsl_dspi.o
 .text.DSPI_ReadData
                0x00003e98       0x18 ./drivers/fsl_dspi.o
 .text.DSPI_SetOnePcsPolarity
                0x00003eb0       0x4e ./drivers/fsl_dspi.o
 .text.DSPI_MasterSetDelayScaler
                0x00003efe       0xda ./drivers/fsl_dspi.o
                0x00003efe                DSPI_MasterSetDelayScaler
 .text.GPIO_PinWrite
                0x00003fd8       0x36 ./drivers/fsl_gpio.o
 .text.GPIO_WritePinOutput
                0x0000400e       0x22 ./drivers/fsl_gpio.o
 .text.CLOCK_EnableClock
                0x00004030       0x34 ./drivers/fsl_pit.o
 .text.CLOCK_EnableClock
                0x00004064       0x34 ./drivers/fsl_uart.o
 .text.UART0_RX_TX_DriverIRQHandler
                0x00004098       0x10 ./drivers/fsl_uart.o
                0x00004098                UART0_RX_TX_DriverIRQHandler
 .text.UART1_RX_TX_DriverIRQHandler
                0x000040a8       0x10 ./drivers/fsl_uart.o
                0x000040a8                UART1_RX_TX_DriverIRQHandler
 .text.UART2_RX_TX_DriverIRQHandler
                0x000040b8       0x10 ./drivers/fsl_uart.o
                0x000040b8                UART2_RX_TX_DriverIRQHandler
 .text.UART3_RX_TX_DriverIRQHandler
                0x000040c8       0x10 ./drivers/fsl_uart.o
                0x000040c8                UART3_RX_TX_DriverIRQHandler
 .text.UART4_RX_TX_DriverIRQHandler
                0x000040d8       0x10 ./drivers/fsl_uart.o
                0x000040d8                UART4_RX_TX_DriverIRQHandler
 .text.UART5_RX_TX_DriverIRQHandler
                0x000040e8       0x10 ./drivers/fsl_uart.o
                0x000040e8                UART5_RX_TX_DriverIRQHandler
 .text.EnableIRQ
                0x000040f8       0x2c ./board/peripherals.o
 .text.PIT_EnableInterrupts
                0x00004124       0x3a ./board/peripherals.o
 .text.PIT_SetTimerPeriod
                0x0000415e       0x28 ./board/peripherals.o
 .text.PIT_StartTimer
                0x00004186       0x38 ./board/peripherals.o
 .text.GPIO_1_init
                0x000041be        0xe ./board/peripherals.o
                0x000041be                GPIO_1_init
 .text.BOARD_InitPeripherals
                0x000041cc       0x14 ./board/peripherals.o
                0x000041cc                BOARD_InitPeripherals
 .text.BOARD_InitBootPeripherals
                0x000041e0        0xc ./board/peripherals.o
                0x000041e0                BOARD_InitBootPeripherals
 .text.CLOCK_EnableClock
                0x000041ec       0x34 ./board/pin_mux.o
 .text.PORT_SetPinMux
                0x00004220       0x3a ./board/pin_mux.o
 .text.SystemInitHook
                0x0000425a        0xe ./CMSIS/system_MK64F12.o
                0x0000425a                SystemInitHook
 .text.__main   0x00004268        0xe c:/nxp/mcuxpressoide_10.2.0_759/ide/tools/bin/../lib/gcc/arm-none-eabi/7.2.1/../../../../arm-none-eabi/lib/thumb/v7e-m/fpv4-sp/hard\libcr_semihost_nf.a(_cr__main.o)
                0x00004268                __CR_SEMIHOST
                0x00004268                __main
 .text.memset   0x00004276        0x4 c:/nxp/mcuxpressoide_10.2.0_759/ide/tools/bin/../lib/gcc/arm-none-eabi/7.2.1/../../../../arm-none-eabi/lib/thumb/v7e-m/fpv4-sp/hard\libcr_c.a(memset.o)
                0x00004276                memset
 .text._deferredlazyseek
                0x0000427a       0x40 c:/nxp/mcuxpressoide_10.2.0_759/ide/tools/bin/../lib/gcc/arm-none-eabi/7.2.1/../../../../arm-none-eabi/lib/thumb/v7e-m/fpv4-sp/hard\libcr_c.a(_deferredlazyseek.o)
                0x0000427a                _deferredlazyseek
 .text.__flsbuf
                0x000042ba      0x140 c:/nxp/mcuxpressoide_10.2.0_759/ide/tools/bin/../lib/gcc/arm-none-eabi/7.2.1/../../../../arm-none-eabi/lib/thumb/v7e-m/fpv4-sp/hard\libcr_c.a(_deferredlazyseek.o)
                0x000042ba                __flsbuf
 .text._fflush  0x000043fa       0x52 c:/nxp/mcuxpressoide_10.2.0_759/ide/tools/bin/../lib/gcc/arm-none-eabi/7.2.1/../../../../arm-none-eabi/lib/thumb/v7e-m/fpv4-sp/hard\libcr_c.a(_fflush.o)
                0x000043fa                _fflush
 .text.free     0x0000444c       0x30 c:/nxp/mcuxpressoide_10.2.0_759/ide/tools/bin/../lib/gcc/arm-none-eabi/7.2.1/../../../../arm-none-eabi/lib/thumb/v7e-m/fpv4-sp/hard\libcr_c.a(alloc.o)
                0x0000444c                free
 .text.fputs    0x0000447c       0x2c c:/nxp/mcuxpressoide_10.2.0_759/ide/tools/bin/../lib/gcc/arm-none-eabi/7.2.1/../../../../arm-none-eabi/lib/thumb/v7e-m/fpv4-sp/hard\libcr_c.a(fputs.o)
                0x0000447c                fputs
 .text.no_fp_display
                0x000044a8        0x4 c:/nxp/mcuxpressoide_10.2.0_759/ide/tools/bin/../lib/gcc/arm-none-eabi/7.2.1/../../../../arm-none-eabi/lib/thumb/v7e-m/fpv4-sp/hard\libcr_c.a(printf.o)
 .text.strlen   0x000044ac       0x4a c:/nxp/mcuxpressoide_10.2.0_759/ide/tools/bin/../lib/gcc/arm-none-eabi/7.2.1/../../../../arm-none-eabi/lib/thumb/v7e-m/fpv4-sp/hard\libcr_c.a(strlen.o)
                0x000044ac                strlen
 .text._fdopen  0x000044f6       0x68 c:/nxp/mcuxpressoide_10.2.0_759/ide/tools/bin/../lib/gcc/arm-none-eabi/7.2.1/../../../../arm-none-eabi/lib/thumb/v7e-m/fpv4-sp/hard\libcr_c.a(_fdopen.o)
                0x000044f6                _fdopen
 .text.fclose   0x0000455e       0x58 c:/nxp/mcuxpressoide_10.2.0_759/ide/tools/bin/../lib/gcc/arm-none-eabi/7.2.1/../../../../arm-none-eabi/lib/thumb/v7e-m/fpv4-sp/hard\libcr_c.a(fclose.o)
                0x0000455e                fclose
 .text.remove   0x000045b6       0x14 c:/nxp/mcuxpressoide_10.2.0_759/ide/tools/bin/../lib/gcc/arm-none-eabi/7.2.1/../../../../arm-none-eabi/lib/thumb/v7e-m/fpv4-sp/hard\libcr_c.a(remove.o)
                0x000045b6                remove
 .text._do_fflush
                0x000045ca       0x40 c:/nxp/mcuxpressoide_10.2.0_759/ide/tools/bin/../lib/gcc/arm-none-eabi/7.2.1/../../../../arm-none-eabi/lib/thumb/v7e-m/fpv4-sp/hard\libcr_c.a(_do_fflush.o)
                0x000045ca                _do_fflush
 .text.__aeabi_division_uldivmod
                0x0000460a      0x174 c:/nxp/mcuxpressoide_10.2.0_759/ide/tools/bin/../lib/gcc/arm-none-eabi/7.2.1/thumb/v7e-m/fpv4-sp/hard\libcr_eabihelpers.a(division_64.o)
                0x0000460a                __aeabi_uldivmod
                0x0000460e                __bhs_ldivmod1
 .text.__aeabi_division_idiv0
                0x0000477e        0x2 c:/nxp/mcuxpressoide_10.2.0_759/ide/tools/bin/../lib/gcc/arm-none-eabi/7.2.1/thumb/v7e-m/fpv4-sp/hard\libcr_eabihelpers.a(division_idiv0.o)
                0x0000477e                __aeabi_idiv0
 .text.__aeabi_memset_lowlevel
                0x00004780       0x32 c:/nxp/mcuxpressoide_10.2.0_759/ide/tools/bin/../lib/gcc/arm-none-eabi/7.2.1/thumb/v7e-m/fpv4-sp/hard\libcr_eabihelpers.a(memcpy.o)
                0x00004780                __aeabi_lowlevel_memset
 .text.__sys_close
                0x000047b2        0xc c:/nxp/mcuxpressoide_10.2.0_759/ide/tools/bin/../lib/gcc/arm-none-eabi/7.2.1/../../../../arm-none-eabi/lib/thumb/v7e-m/fpv4-sp/hard\libcr_semihost_nf.a(__sys_close.o)
                0x000047b2                __sys_close
 .text.__sys_flen
                0x000047be        0xc c:/nxp/mcuxpressoide_10.2.0_759/ide/tools/bin/../lib/gcc/arm-none-eabi/7.2.1/../../../../arm-none-eabi/lib/thumb/v7e-m/fpv4-sp/hard\libcr_semihost_nf.a(__sys_flen.o)
                0x000047be                __sys_flen
 .text.__sys_istty
                0x000047ca        0xc c:/nxp/mcuxpressoide_10.2.0_759/ide/tools/bin/../lib/gcc/arm-none-eabi/7.2.1/../../../../arm-none-eabi/lib/thumb/v7e-m/fpv4-sp/hard\libcr_semihost_nf.a(__sys_istty.o)
                0x000047ca                __sys_istty
 .text.__sys_remove
                0x000047d6        0xc c:/nxp/mcuxpressoide_10.2.0_759/ide/tools/bin/../lib/gcc/arm-none-eabi/7.2.1/../../../../arm-none-eabi/lib/thumb/v7e-m/fpv4-sp/hard\libcr_semihost_nf.a(__sys_remove.o)
                0x000047d6                __sys_remove
 .text.__sys_seek
                0x000047e2        0xc c:/nxp/mcuxpressoide_10.2.0_759/ide/tools/bin/../lib/gcc/arm-none-eabi/7.2.1/../../../../arm-none-eabi/lib/thumb/v7e-m/fpv4-sp/hard\libcr_semihost_nf.a(__sys_seek.o)
                0x000047e2                __sys_seek
 .text.__sys_tmpnam
                0x000047ee        0xc c:/nxp/mcuxpressoide_10.2.0_759/ide/tools/bin/../lib/gcc/arm-none-eabi/7.2.1/../../../../arm-none-eabi/lib/thumb/v7e-m/fpv4-sp/hard\libcr_semihost_nf.a(__sys_tmpnam.o)
                0x000047ee                __sys_tmpnam
 .text.__sys_write
                0x000047fa        0xc c:/nxp/mcuxpressoide_10.2.0_759/ide/tools/bin/../lib/gcc/arm-none-eabi/7.2.1/../../../../arm-none-eabi/lib/thumb/v7e-m/fpv4-sp/hard\libcr_semihost_nf.a(__sys_write.o)
                0x000047fa                __sys_write
 *(SORT_BY_ALIGNMENT(.rodata) SORT_BY_ALIGNMENT(.rodata.*) SORT_BY_ALIGNMENT(.constdata) SORT_BY_ALIGNMENT(.constdata.*))
 *fill*         0x00004806        0x2 ff
 .rodata        0x00004808       0x50 ./utilities/fsl_debug_console.o
 .rodata        0x00004858       0x27 ./utilities/fsl_io.o
 *fill*         0x0000487f        0x1 ff
 .rodata.font   0x00004880      0x500 ./source/GFX_Library.o
 .rodata        0x00004d80      0x287 ./source/main.o
 *fill*         0x00005007        0x1 ff
 .rodata        0x00005008      0x149 ./drivers/fsl_clock.o
 *fill*         0x00005151        0x3 ff
 .rodata.fllFactorTable.7747
                0x00005154       0x10 ./drivers/fsl_clock.o
 .rodata.s_baudratePrescaler
                0x00005164       0x10 ./drivers/fsl_dspi.o
 .rodata.s_baudrateScaler
                0x00005174       0x40 ./drivers/fsl_dspi.o
 .rodata.s_delayPrescaler
                0x000051b4       0x10 ./drivers/fsl_dspi.o
 .rodata.s_delayScaler
                0x000051c4       0x40 ./drivers/fsl_dspi.o
 .rodata.s_dspiBases
                0x00005204        0xc ./drivers/fsl_dspi.o
 .rodata.s_dspiClock
                0x00005210        0xc ./drivers/fsl_dspi.o
 .rodata        0x0000521c      0x509 ./drivers/fsl_dspi.o
 *fill*         0x00005725        0x3 ff
 .rodata        0x00005728       0x63 ./drivers/fsl_gpio.o
 *fill*         0x0000578b        0x1 ff
 .rodata        0x0000578c       0x5d ./drivers/fsl_pit.o
 *fill*         0x000057e9        0x3 ff
 .rodata.s_uartBases
                0x000057ec       0x18 ./drivers/fsl_uart.o
 .rodata.s_uartClock
                0x00005804       0x18 ./drivers/fsl_uart.o
 .rodata        0x0000581c      0x513 ./drivers/fsl_uart.o
 *fill*         0x00005d2f        0x1 ff
 .rodata.SPI_0_config
                0x00005d30       0x24 ./board/peripherals.o
                0x00005d30                SPI_0_config
 .rodata.PIT_1_config
                0x00005d54        0x1 ./board/peripherals.o
                0x00005d54                PIT_1_config
 *fill*         0x00005d55        0x3 ff
 .rodata.__num_Ciob_streams
                0x00005d58        0x4 c:/nxp/mcuxpressoide_10.2.0_759/ide/tools/bin/../lib/gcc/arm-none-eabi/7.2.1/../../../../arm-none-eabi/lib/thumb/v7e-m/fpv4-sp/hard\libcr_semihost_nf.a(__ciob.o)
                0x00005d58                __num_Ciob_streams
 .rodata.__assertion_failed.str1.1
                0x00005d5c       0x15 c:/nxp/mcuxpressoide_10.2.0_759/ide/tools/bin/../lib/gcc/arm-none-eabi/7.2.1/../../../../arm-none-eabi/lib/thumb/v7e-m/fpv4-sp/hard\libcr_semihost_nf.a(_cr_assert.o)
 .rodata._Csys_alloc.str1.1
                0x00005d71       0x18 c:/nxp/mcuxpressoide_10.2.0_759/ide/tools/bin/../lib/gcc/arm-none-eabi/7.2.1/../../../../arm-none-eabi/lib/thumb/v7e-m/fpv4-sp/hard\libcr_c.a(alloc.o)
 .rodata._initio.str1.1
                0x00005d89        0x4 c:/nxp/mcuxpressoide_10.2.0_759/ide/tools/bin/../lib/gcc/arm-none-eabi/7.2.1/../../../../arm-none-eabi/lib/thumb/v7e-m/fpv4-sp/hard\libcr_c.a(initio.o)
 .rodata.__vfprintf.str1.1
                0x00005d8d       0x35 c:/nxp/mcuxpressoide_10.2.0_759/ide/tools/bin/../lib/gcc/arm-none-eabi/7.2.1/../../../../arm-none-eabi/lib/thumb/v7e-m/fpv4-sp/hard\libcr_c.a(printf.o)
                                 0x38 (size before relaxing)
                0x00005dc8                . = ALIGN (0x8)
 *fill*         0x00005dc2        0x6 ff

.glue_7         0x00005dc8        0x0
 .glue_7        0x00005dc8        0x0 linker stubs

.glue_7t        0x00005dc8        0x0
 .glue_7t       0x00005dc8        0x0 linker stubs

.vfp11_veneer   0x00005dc8        0x0
 .vfp11_veneer  0x00005dc8        0x0 linker stubs

.v4_bx          0x00005dc8        0x0
 .v4_bx         0x00005dc8        0x0 linker stubs

.iplt           0x00005dc8        0x0
 .iplt          0x00005dc8        0x0 ./utilities/fsl_debug_console.o

.rel.dyn        0x00005dc8        0x0
 .rel.iplt      0x00005dc8        0x0 ./utilities/fsl_debug_console.o

.ARM.extab
 *(SORT_BY_ALIGNMENT(.ARM.extab*) SORT_BY_ALIGNMENT(.gnu.linkonce.armextab.*))
                0x00005dc8                __exidx_start = .

.ARM.exidx
 *(SORT_BY_ALIGNMENT(.ARM.exidx*) SORT_BY_ALIGNMENT(.gnu.linkonce.armexidx.*))
                0x00005dc8                __exidx_end = .
                0x00005dc8                _etext = .

.m_usb_data
 *(SORT_BY_ALIGNMENT(m_usb_bdt))

.data_RAM2      0x1fff0000        0x0 load address 0x00005dc8
 FILL mask 0xff
                [!provide]                PROVIDE (__start_data_RAM2, .)
 *(SORT_BY_ALIGNMENT(.ramfunc.$RAM2))
 *(SORT_BY_ALIGNMENT(.ramfunc.$SRAM_LOWER))
 *(SORT_BY_ALIGNMENT(.data.$RAM2*))
 *(SORT_BY_ALIGNMENT(.data.$SRAM_LOWER*))
                0x1fff0000                . = ALIGN (0x8)
                [!provide]                PROVIDE (__end_data_RAM2, .)

.data_RAM3      0x14000000        0x0 load address 0x00005dc8
 FILL mask 0xff
                [!provide]                PROVIDE (__start_data_RAM3, .)
 *(SORT_BY_ALIGNMENT(.ramfunc.$RAM3))
 *(SORT_BY_ALIGNMENT(.ramfunc.$FLEX_RAM))
 *(SORT_BY_ALIGNMENT(.data.$RAM3*))
 *(SORT_BY_ALIGNMENT(.data.$FLEX_RAM*))
                0x14000000                . = ALIGN (0x8)
                [!provide]                PROVIDE (__end_data_RAM3, .)

.uninit_RESERVED
                0x20000000        0x0
 *(SORT_BY_ALIGNMENT(.bss.$RESERVED*))
                0x20000000                . = ALIGN (0x4)
                0x20000000                _end_uninit_RESERVED = .

.data           0x20000000       0x98 load address 0x00005dc8
 FILL mask 0xff
                0x20000000                _data = .
 *(SORT_BY_ALIGNMENT(vtable))
 *(SORT_BY_ALIGNMENT(.ramfunc*))
 *(SORT_BY_ALIGNMENT(.data*))
 .data.initcmd  0x20000000       0x6f ./source/ILI9341.o
                0x20000000                initcmd
 *fill*         0x2000006f        0x1 ff
 .data.word     0x20000070       0x14 ./source/main.o
                0x20000070                word
 .data.s_slowIrcFreq
                0x20000084        0x4 ./drivers/fsl_clock.o
 .data.s_fastIrcFreq
                0x20000088        0x4 ./drivers/fsl_clock.o
 .data.textcolor
                0x2000008c        0x2 ./source/GFX_Library.o
                0x2000008c                textcolor
 .data.textbgcolor
                0x2000008e        0x2 ./source/GFX_Library.o
                0x2000008e                textbgcolor
 .data.textsize
                0x20000090        0x1 ./source/GFX_Library.o
                0x20000090                textsize
 .data.wrap     0x20000091        0x1 ./source/GFX_Library.o
                0x20000091                wrap
                0x20000098                . = ALIGN (0x8)
 *fill*         0x20000092        0x6 ff
                0x20000098                _edata = .

.igot.plt       0x20000098        0x0 load address 0x00005e60
 .igot.plt      0x20000098        0x0 ./utilities/fsl_debug_console.o

.bss_RAM2       0x1fff0000        0x0
                [!provide]                PROVIDE (__start_bss_RAM2, .)
 *(SORT_BY_ALIGNMENT(.bss.$RAM2*))
 *(SORT_BY_ALIGNMENT(.bss.$SRAM_LOWER*))
                0x1fff0000                . = ALIGN ((. != 0x0)?0x8:0x1)
                [!provide]                PROVIDE (__end_bss_RAM2, .)

.bss_RAM3       0x14000000        0x0
                [!provide]                PROVIDE (__start_bss_RAM3, .)
 *(SORT_BY_ALIGNMENT(.bss.$RAM3*))
 *(SORT_BY_ALIGNMENT(.bss.$FLEX_RAM*))
                0x14000000                . = ALIGN ((. != 0x0)?0x8:0x1)
                [!provide]                PROVIDE (__end_bss_RAM3, .)

.bss            0x20000098    0x25938
                0x20000098                _bss = .
 *(SORT_BY_ALIGNMENT(.bss*))
 .bss.s_debugConsoleIO
                0x20000098        0x8 ./utilities/fsl_io.o
 .bss.masterXfer
                0x200000a0       0x10 ./source/ILI9341.o
                0x200000a0                masterXfer
 .bss.masterBuffer
                0x200000b0        0x1 ./source/ILI9341.o
                0x200000b0                masterBuffer
 *fill*         0x200000b1        0x3 
 .bss.buffer    0x200000b4    0x25800 ./source/ILI9341.o
                0x200000b4                buffer
 .bss.g_xtal0Freq
                0x200258b4        0x4 ./drivers/fsl_clock.o
                0x200258b4                g_xtal0Freq
 .bss.g_xtal32Freq
                0x200258b8        0x4 ./drivers/fsl_clock.o
                0x200258b8                g_xtal32Freq
 .bss.g_dspiHandle
                0x200258bc        0xc ./drivers/fsl_dspi.o
 .bss.s_dspiMasterIsr
                0x200258c8        0x4 ./drivers/fsl_dspi.o
 .bss.s_dspiSlaveIsr
                0x200258cc        0x4 ./drivers/fsl_dspi.o
 .bss.g_dspiDummyData
                0x200258d0        0x3 ./drivers/fsl_dspi.o
                0x200258d0                g_dspiDummyData
 *fill*         0x200258d3        0x1 
 .bss.s_i2cHandle
                0x200258d4        0xc ./drivers/fsl_i2c.o
 .bss.s_i2cMasterIsr
                0x200258e0        0x4 ./drivers/fsl_i2c.o
 .bss.s_i2cSlaveIsr
                0x200258e4        0x4 ./drivers/fsl_i2c.o
 .bss.s_uartHandle
                0x200258e8       0x18 ./drivers/fsl_uart.o
 .bss.s_uartIsr
                0x20025900        0x4 ./drivers/fsl_uart.o
 .bss.__Ciob    0x20025904       0xb4 c:/nxp/mcuxpressoide_10.2.0_759/ide/tools/bin/../lib/gcc/arm-none-eabi/7.2.1/../../../../arm-none-eabi/lib/thumb/v7e-m/fpv4-sp/hard\libcr_semihost_nf.a(__ciob.o)
                0x20025904                __Ciob
 .bss.__end_of_heap
                0x200259b8        0x4 c:/nxp/mcuxpressoide_10.2.0_759/ide/tools/bin/../lib/gcc/arm-none-eabi/7.2.1/../../../../arm-none-eabi/lib/thumb/v7e-m/fpv4-sp/hard\libcr_c.a(__init_alloc.o)
                0x200259b8                __end_of_heap
 .bss.__heaps   0x200259bc        0x4 c:/nxp/mcuxpressoide_10.2.0_759/ide/tools/bin/../lib/gcc/arm-none-eabi/7.2.1/../../../../arm-none-eabi/lib/thumb/v7e-m/fpv4-sp/hard\libcr_c.a(__init_alloc.o)
                0x200259bc                __heaps
 .bss.errno     0x200259c0        0x4 c:/nxp/mcuxpressoide_10.2.0_759/ide/tools/bin/../lib/gcc/arm-none-eabi/7.2.1/../../../../arm-none-eabi/lib/thumb/v7e-m/fpv4-sp/hard\libcr_c.a(errno.o)
                0x200259c0                errno
 .bss.cursor_x  0x200259c4        0x2 ./source/GFX_Library.o
                0x200259c4                cursor_x
 .bss.cursor_y  0x200259c6        0x2 ./source/GFX_Library.o
                0x200259c6                cursor_y
 .bss._width    0x200259c8        0x2 ./source/ILI9341.o
                0x200259c8                _width
 .bss._height   0x200259ca        0x2 ./source/ILI9341.o
                0x200259ca                _height
 .bss.rotation  0x200259cc        0x1 ./source/ILI9341.o
                0x200259cc                rotation
 .bss.pitIsrFlag
                0x200259cd        0x1 ./source/ILI9341.o
                0x200259cd                pitIsrFlag
 *(SORT_BY_ALIGNMENT(COMMON))
                0x200259d0                . = ALIGN (0x8)
 *fill*         0x200259ce        0x2 
                0x200259d0                _ebss = .
                [!provide]                PROVIDE (end, .)

.noinit_RAM2    0x1fff0000        0x0
 *(SORT_BY_ALIGNMENT(.noinit.$RAM2*))
 *(SORT_BY_ALIGNMENT(.noinit.$SRAM_LOWER*))
                0x1fff0000                . = ALIGN (0x8)

.noinit_RAM3    0x14000000        0x0
 *(SORT_BY_ALIGNMENT(.noinit.$RAM3*))
 *(SORT_BY_ALIGNMENT(.noinit.$FLEX_RAM*))
                0x14000000                . = ALIGN (0x8)

.noinit         0x200259d0        0x0
                0x200259d0                _noinit = .
 *(SORT_BY_ALIGNMENT(.noinit*))
                0x200259d0                . = ALIGN (0x8)
                0x200259d0                _end_noinit = .
                0x00001000                _HeapSize = 0x1000

.heap           0x200259d0     0x1000
                0x200259d0                _pvHeapStart = .
                0x200269d0                . = (. + _HeapSize)
 *fill*         0x200259d0     0x1000 
                0x200269d0                . = ALIGN (0x8)
                0x200269d0                _pvHeapLimit = .
                0x00001000                _StackSize = 0x1000

.heap2stackfill
                0x200269d0     0x1000
                0x200279d0                . = (. + _StackSize)
 *fill*         0x200269d0     0x1000 

.stack          0x2002f000        0x0
                0x2002f000                _vStackBase = .
                0x2002f000                . = ALIGN (0x8)
                0x20030000                _vStackTop = (. + _StackSize)
                0x00000000                _image_start = LOADADDR (.text)
                0x00005e60                _image_end = (LOADADDR (.data) + SIZEOF (.data))
                0x00005e60                _image_size = (_image_end - _image_start)
OUTPUT(ILI9341_K64F.axf elf32-littlearm)

.debug_info     0x00000000    0x1058f
 .debug_info    0x00000000      0x2bd ./utilities/fsl_debug_console.o
 .debug_info    0x000002bd      0x824 ./utilities/fsl_io.o
 .debug_info    0x00000ae1      0x33a ./utilities/fsl_log.o
 .debug_info    0x00000e1b      0x8b0 ./startup/startup_mk64f12.o
 .debug_info    0x000016cb     0x1593 ./source/GFX_Library.o
 .debug_info    0x00002c5e     0x13ba ./source/ILI9341.o
 .debug_info    0x00004018     0x149a ./source/main.o
 .debug_info    0x000054b2       0x3b ./source/semihost_hardfault.o
 .debug_info    0x000054ed     0x1e9f ./drivers/fsl_clock.o
 .debug_info    0x0000738c     0x22cd ./drivers/fsl_dspi.o
 .debug_info    0x00009659      0x61a ./drivers/fsl_gpio.o
 .debug_info    0x00009c73     0x1c33 ./drivers/fsl_i2c.o
 .debug_info    0x0000b8a6      0x6a2 ./drivers/fsl_pit.o
 .debug_info    0x0000bf48     0x19df ./drivers/fsl_uart.o
 .debug_info    0x0000d927      0x712 ./board/board.o
 .debug_info    0x0000e039     0x12e4 ./board/peripherals.o
 .debug_info    0x0000f31d      0xc41 ./board/pin_mux.o
 .debug_info    0x0000ff5e      0x631 ./CMSIS/system_MK64F12.o

.debug_abbrev   0x00000000     0x2521
 .debug_abbrev  0x00000000      0x107 ./utilities/fsl_debug_console.o
 .debug_abbrev  0x00000107      0x220 ./utilities/fsl_io.o
 .debug_abbrev  0x00000327      0x180 ./utilities/fsl_log.o
 .debug_abbrev  0x000004a7      0x15c ./startup/startup_mk64f12.o
 .debug_abbrev  0x00000603      0x217 ./source/GFX_Library.o
 .debug_abbrev  0x0000081a      0x2a5 ./source/ILI9341.o
 .debug_abbrev  0x00000abf      0x244 ./source/main.o
 .debug_abbrev  0x00000d03       0x2f ./source/semihost_hardfault.o
 .debug_abbrev  0x00000d32      0x321 ./drivers/fsl_clock.o
 .debug_abbrev  0x00001053      0x33e ./drivers/fsl_dspi.o
 .debug_abbrev  0x00001391      0x1ae ./drivers/fsl_gpio.o
 .debug_abbrev  0x0000153f      0x34f ./drivers/fsl_i2c.o
 .debug_abbrev  0x0000188e      0x1d9 ./drivers/fsl_pit.o
 .debug_abbrev  0x00001a67      0x303 ./drivers/fsl_uart.o
 .debug_abbrev  0x00001d6a      0x15c ./board/board.o
 .debug_abbrev  0x00001ec6      0x27d ./board/peripherals.o
 .debug_abbrev  0x00002143      0x28a ./board/pin_mux.o
 .debug_abbrev  0x000023cd      0x154 ./CMSIS/system_MK64F12.o

.debug_aranges  0x00000000      0xf28
 .debug_aranges
                0x00000000       0x30 ./utilities/fsl_debug_console.o
 .debug_aranges
                0x00000030       0x48 ./utilities/fsl_io.o
 .debug_aranges
                0x00000078       0x58 ./utilities/fsl_log.o
 .debug_aranges
                0x000000d0      0x330 ./startup/startup_mk64f12.o
 .debug_aranges
                0x00000400       0xb8 ./source/GFX_Library.o
 .debug_aranges
                0x000004b8       0xa8 ./source/ILI9341.o
 .debug_aranges
                0x00000560       0xd8 ./source/main.o
 .debug_aranges
                0x00000638       0x20 ./source/semihost_hardfault.o
 .debug_aranges
                0x00000658      0x1e8 ./drivers/fsl_clock.o
 .debug_aranges
                0x00000840      0x1d0 ./drivers/fsl_dspi.o
 .debug_aranges
                0x00000a10       0x48 ./drivers/fsl_gpio.o
 .debug_aranges
                0x00000a58      0x180 ./drivers/fsl_i2c.o
 .debug_aranges
                0x00000bd8       0x40 ./drivers/fsl_pit.o
 .debug_aranges
                0x00000c18      0x170 ./drivers/fsl_uart.o
 .debug_aranges
                0x00000d88       0x20 ./board/board.o
 .debug_aranges
                0x00000da8       0xc8 ./board/peripherals.o
 .debug_aranges
                0x00000e70       0x88 ./board/pin_mux.o
 .debug_aranges
                0x00000ef8       0x30 ./CMSIS/system_MK64F12.o

.debug_ranges   0x00000000      0xe08
 .debug_ranges  0x00000000       0x20 ./utilities/fsl_debug_console.o
 .debug_ranges  0x00000020       0x38 ./utilities/fsl_io.o
 .debug_ranges  0x00000058       0x48 ./utilities/fsl_log.o
 .debug_ranges  0x000000a0      0x320 ./startup/startup_mk64f12.o
 .debug_ranges  0x000003c0       0xa8 ./source/GFX_Library.o
 .debug_ranges  0x00000468       0x98 ./source/ILI9341.o
 .debug_ranges  0x00000500       0xc8 ./source/main.o
 .debug_ranges  0x000005c8       0x10 ./source/semihost_hardfault.o
 .debug_ranges  0x000005d8      0x1d8 ./drivers/fsl_clock.o
 .debug_ranges  0x000007b0      0x1c0 ./drivers/fsl_dspi.o
 .debug_ranges  0x00000970       0x38 ./drivers/fsl_gpio.o
 .debug_ranges  0x000009a8      0x170 ./drivers/fsl_i2c.o
 .debug_ranges  0x00000b18       0x30 ./drivers/fsl_pit.o
 .debug_ranges  0x00000b48      0x160 ./drivers/fsl_uart.o
 .debug_ranges  0x00000ca8       0x10 ./board/board.o
 .debug_ranges  0x00000cb8       0xb8 ./board/peripherals.o
 .debug_ranges  0x00000d70       0x78 ./board/pin_mux.o
 .debug_ranges  0x00000de8       0x20 ./CMSIS/system_MK64F12.o

.debug_macro    0x00000000    0x139db
 .debug_macro   0x00000000      0x13a ./utilities/fsl_debug_console.o
 .debug_macro   0x0000013a      0xa90 ./utilities/fsl_debug_console.o
 .debug_macro   0x00000bca       0x10 ./utilities/fsl_debug_console.o
 .debug_macro   0x00000bda       0x16 ./utilities/fsl_debug_console.o
 .debug_macro   0x00000bf0       0x10 ./utilities/fsl_debug_console.o
 .debug_macro   0x00000c00      0x12d ./utilities/fsl_debug_console.o
 .debug_macro   0x00000d2d       0x28 ./utilities/fsl_debug_console.o
 .debug_macro   0x00000d55       0x16 ./utilities/fsl_debug_console.o
 .debug_macro   0x00000d6b       0x22 ./utilities/fsl_debug_console.o
 .debug_macro   0x00000d8d      0x5b2 ./utilities/fsl_debug_console.o
 .debug_macro   0x0000133f       0x10 ./utilities/fsl_debug_console.o
 .debug_macro   0x0000134f       0x5c ./utilities/fsl_debug_console.o
 .debug_macro   0x000013ab       0x1c ./utilities/fsl_debug_console.o
 .debug_macro   0x000013c7       0x22 ./utilities/fsl_debug_console.o
 .debug_macro   0x000013e9       0xdf ./utilities/fsl_debug_console.o
 .debug_macro   0x000014c8      0xecf ./utilities/fsl_debug_console.o
 .debug_macro   0x00002397       0x48 ./utilities/fsl_debug_console.o
 .debug_macro   0x000023df     0xe07b ./utilities/fsl_debug_console.o
 .debug_macro   0x0001045a     0x122b ./utilities/fsl_debug_console.o
 .debug_macro   0x00011685       0x52 ./utilities/fsl_debug_console.o
 .debug_macro   0x000116d7      0x171 ./utilities/fsl_debug_console.o
 .debug_macro   0x00011848       0x74 ./utilities/fsl_debug_console.o
 .debug_macro   0x000118bc       0xd2 ./utilities/fsl_debug_console.o
 .debug_macro   0x0001198e       0x1c ./utilities/fsl_debug_console.o
 .debug_macro   0x000119aa       0x50 ./utilities/fsl_debug_console.o
 .debug_macro   0x000119fa      0x115 ./utilities/fsl_io.o
 .debug_macro   0x00011b0f       0x1c ./utilities/fsl_io.o
 .debug_macro   0x00011b2b       0x22 ./utilities/fsl_io.o
 .debug_macro   0x00011b4d       0x10 ./utilities/fsl_io.o
 .debug_macro   0x00011b5d      0x148 ./utilities/fsl_log.o
 .debug_macro   0x00011ca5       0x29 ./startup/startup_mk64f12.o
 .debug_macro   0x00011cce      0x1a2 ./source/GFX_Library.o
 .debug_macro   0x00011e70       0xc4 ./source/GFX_Library.o
 .debug_macro   0x00011f34      0x1ba ./source/GFX_Library.o
 .debug_macro   0x000120ee       0x3a ./source/GFX_Library.o
 .debug_macro   0x00012128       0x10 ./source/GFX_Library.o
 .debug_macro   0x00012138       0x10 ./source/GFX_Library.o
 .debug_macro   0x00012148      0x1fc ./source/GFX_Library.o
 .debug_macro   0x00012344       0x40 ./source/GFX_Library.o
 .debug_macro   0x00012384       0x16 ./source/GFX_Library.o
 .debug_macro   0x0001239a       0x10 ./source/GFX_Library.o
 .debug_macro   0x000123aa       0x1c ./source/GFX_Library.o
 .debug_macro   0x000123c6       0xa0 ./source/GFX_Library.o
 .debug_macro   0x00012466      0x20e ./source/GFX_Library.o
 .debug_macro   0x00012674      0x18a ./source/ILI9341.o
 .debug_macro   0x000127fe      0x1ba ./source/ILI9341.o
 .debug_macro   0x000129b8       0x16 ./source/ILI9341.o
 .debug_macro   0x000129ce      0x1e4 ./source/ILI9341.o
 .debug_macro   0x00012bb2      0x1c0 ./source/main.o
 .debug_macro   0x00012d72       0xd8 ./source/main.o
 .debug_macro   0x00012e4a       0x22 ./source/main.o
 .debug_macro   0x00012e6c       0x11 ./source/semihost_hardfault.o
 .debug_macro   0x00012e7d      0x1bf ./drivers/fsl_clock.o
 .debug_macro   0x0001303c      0x108 ./drivers/fsl_dspi.o
 .debug_macro   0x00013144       0x3a ./drivers/fsl_dspi.o
 .debug_macro   0x0001317e      0x109 ./drivers/fsl_gpio.o
 .debug_macro   0x00013287      0x108 ./drivers/fsl_i2c.o
 .debug_macro   0x0001338f       0x16 ./drivers/fsl_i2c.o
 .debug_macro   0x000133a5      0x109 ./drivers/fsl_pit.o
 .debug_macro   0x000134ae      0x10f ./drivers/fsl_uart.o
 .debug_macro   0x000135bd      0x13c ./board/board.o
 .debug_macro   0x000136f9      0x13c ./board/peripherals.o
 .debug_macro   0x00013835      0x10e ./board/pin_mux.o
 .debug_macro   0x00013943       0x98 ./CMSIS/system_MK64F12.o

.debug_line     0x00000000     0x5c32
 .debug_line    0x00000000      0x295 ./utilities/fsl_debug_console.o
 .debug_line    0x00000295      0x2dc ./utilities/fsl_io.o
 .debug_line    0x00000571      0x301 ./utilities/fsl_log.o
 .debug_line    0x00000872      0x6d4 ./startup/startup_mk64f12.o
 .debug_line    0x00000f46      0x60e ./source/GFX_Library.o
 .debug_line    0x00001554      0x4de ./source/ILI9341.o
 .debug_line    0x00001a32      0x777 ./source/main.o
 .debug_line    0x000021a9       0x54 ./source/semihost_hardfault.o
 .debug_line    0x000021fd      0x9e2 ./drivers/fsl_clock.o
 .debug_line    0x00002bdf      0xb3f ./drivers/fsl_dspi.o
 .debug_line    0x0000371e      0x288 ./drivers/fsl_gpio.o
 .debug_line    0x000039a6      0xa0b ./drivers/fsl_i2c.o
 .debug_line    0x000043b1      0x26f ./drivers/fsl_pit.o
 .debug_line    0x00004620      0x9e3 ./drivers/fsl_uart.o
 .debug_line    0x00005003      0x24e ./board/board.o
 .debug_line    0x00005251      0x40c ./board/peripherals.o
 .debug_line    0x0000565d      0x3c4 ./board/pin_mux.o
 .debug_line    0x00005a21      0x211 ./CMSIS/system_MK64F12.o

.debug_str      0x00000000    0x82ac5
 .debug_str     0x00000000    0x791ca ./utilities/fsl_debug_console.o
                              0x7926f (size before relaxing)
 .debug_str     0x000791ca      0xa3e ./utilities/fsl_io.o
                              0x79838 (size before relaxing)
 .debug_str     0x00079c08      0x1d8 ./utilities/fsl_log.o
                              0x78ffd (size before relaxing)
 .debug_str     0x00079de0      0x7dd ./startup/startup_mk64f12.o
                               0x3630 (size before relaxing)
 .debug_str     0x0007a5bd     0x30ee ./source/GFX_Library.o
                              0x7c40a (size before relaxing)
 .debug_str     0x0007d6ab      0x4ed ./source/ILI9341.o
                              0x7c08d (size before relaxing)
 .debug_str     0x0007db98      0x255 ./source/main.o
                              0x7c863 (size before relaxing)
 .debug_str     0x0007dded       0x1f ./source/semihost_hardfault.o
                               0x2dc1 (size before relaxing)
 .debug_str     0x0007de0c     0x1a50 ./drivers/fsl_clock.o
                              0x7af49 (size before relaxing)
 .debug_str     0x0007f85c     0x1167 ./drivers/fsl_dspi.o
                              0x7ae2e (size before relaxing)
 .debug_str     0x000809c3      0x195 ./drivers/fsl_gpio.o
                              0x792fc (size before relaxing)
 .debug_str     0x00080b58      0xb7f ./drivers/fsl_i2c.o
                              0x7a6e1 (size before relaxing)
 .debug_str     0x000816d7       0x78 ./drivers/fsl_pit.o
                              0x794c2 (size before relaxing)
 .debug_str     0x0008174f      0x9b9 ./drivers/fsl_uart.o
                              0x7a839 (size before relaxing)
 .debug_str     0x00082108       0x37 ./board/board.o
                              0x7a130 (size before relaxing)
 .debug_str     0x0008213f      0x1e4 ./board/peripherals.o
                              0x7a89b (size before relaxing)
 .debug_str     0x00082323      0x692 ./board/pin_mux.o
                              0x79eea (size before relaxing)
 .debug_str     0x000829b5      0x110 ./CMSIS/system_MK64F12.o
                              0x77dd8 (size before relaxing)

.comment        0x00000000       0x7e
 .comment       0x00000000       0x7e ./utilities/fsl_debug_console.o
                                 0x7f (size before relaxing)
 .comment       0x0000007e       0x7f ./utilities/fsl_io.o
 .comment       0x0000007e       0x7f ./utilities/fsl_log.o
 .comment       0x0000007e       0x7f ./startup/startup_mk64f12.o
 .comment       0x0000007e       0x7f ./source/GFX_Library.o
 .comment       0x0000007e       0x7f ./source/ILI9341.o
 .comment       0x0000007e       0x7f ./source/main.o
 .comment       0x0000007e       0x7f ./source/semihost_hardfault.o
 .comment       0x0000007e       0x7f ./drivers/fsl_clock.o
 .comment       0x0000007e       0x7f ./drivers/fsl_dspi.o
 .comment       0x0000007e       0x7f ./drivers/fsl_gpio.o
 .comment       0x0000007e       0x7f ./drivers/fsl_i2c.o
 .comment       0x0000007e       0x7f ./drivers/fsl_pit.o
 .comment       0x0000007e       0x7f ./drivers/fsl_uart.o
 .comment       0x0000007e       0x7f ./board/board.o
 .comment       0x0000007e       0x7f ./board/peripherals.o
 .comment       0x0000007e       0x7f ./board/pin_mux.o
 .comment       0x0000007e       0x7f ./CMSIS/system_MK64F12.o
 .comment       0x0000007e       0x7f c:/nxp/mcuxpressoide_10.2.0_759/ide/tools/bin/../lib/gcc/arm-none-eabi/7.2.1/../../../../arm-none-eabi/lib/thumb/v7e-m/fpv4-sp/hard\libcr_semihost_nf.a(_cr__main.o)
 .comment       0x0000007e       0x7f c:/nxp/mcuxpressoide_10.2.0_759/ide/tools/bin/../lib/gcc/arm-none-eabi/7.2.1/../../../../arm-none-eabi/lib/thumb/v7e-m/fpv4-sp/hard\libcr_semihost_nf.a(_cr_assert.o)
 .comment       0x0000007e       0x7f c:/nxp/mcuxpressoide_10.2.0_759/ide/tools/bin/../lib/gcc/arm-none-eabi/7.2.1/../../../../arm-none-eabi/lib/thumb/v7e-m/fpv4-sp/hard\libcr_semihost_nf.a(__ciob.o)
 .comment       0x0000007e       0x7f c:/nxp/mcuxpressoide_10.2.0_759/ide/tools/bin/../lib/gcc/arm-none-eabi/7.2.1/../../../../arm-none-eabi/lib/thumb/v7e-m/fpv4-sp/hard\libcr_c.a(memset.o)
 .comment       0x0000007e       0x7f c:/nxp/mcuxpressoide_10.2.0_759/ide/tools/bin/../lib/gcc/arm-none-eabi/7.2.1/../../../../arm-none-eabi/lib/thumb/v7e-m/fpv4-sp/hard\libcr_c.a(_deferredlazyseek.o)
 .comment       0x0000007e       0x7f c:/nxp/mcuxpressoide_10.2.0_759/ide/tools/bin/../lib/gcc/arm-none-eabi/7.2.1/../../../../arm-none-eabi/lib/thumb/v7e-m/fpv4-sp/hard\libcr_c.a(_fflush.o)
 .comment       0x0000007e       0x7f c:/nxp/mcuxpressoide_10.2.0_759/ide/tools/bin/../lib/gcc/arm-none-eabi/7.2.1/../../../../arm-none-eabi/lib/thumb/v7e-m/fpv4-sp/hard\libcr_c.a(_writebuf.o)
 .comment       0x0000007e       0x7f c:/nxp/mcuxpressoide_10.2.0_759/ide/tools/bin/../lib/gcc/arm-none-eabi/7.2.1/../../../../arm-none-eabi/lib/thumb/v7e-m/fpv4-sp/hard\libcr_c.a(alloc.o)
 .comment       0x0000007e       0x7f c:/nxp/mcuxpressoide_10.2.0_759/ide/tools/bin/../lib/gcc/arm-none-eabi/7.2.1/../../../../arm-none-eabi/lib/thumb/v7e-m/fpv4-sp/hard\libcr_c.a(fputs.o)
 .comment       0x0000007e       0x7f c:/nxp/mcuxpressoide_10.2.0_759/ide/tools/bin/../lib/gcc/arm-none-eabi/7.2.1/../../../../arm-none-eabi/lib/thumb/v7e-m/fpv4-sp/hard\libcr_c.a(fseek.o)
 .comment       0x0000007e       0x7f c:/nxp/mcuxpressoide_10.2.0_759/ide/tools/bin/../lib/gcc/arm-none-eabi/7.2.1/../../../../arm-none-eabi/lib/thumb/v7e-m/fpv4-sp/hard\libcr_c.a(ftell.o)
 .comment       0x0000007e       0x7f c:/nxp/mcuxpressoide_10.2.0_759/ide/tools/bin/../lib/gcc/arm-none-eabi/7.2.1/../../../../arm-none-eabi/lib/thumb/v7e-m/fpv4-sp/hard\libcr_c.a(initio.o)
 .comment       0x0000007e       0x7f c:/nxp/mcuxpressoide_10.2.0_759/ide/tools/bin/../lib/gcc/arm-none-eabi/7.2.1/../../../../arm-none-eabi/lib/thumb/v7e-m/fpv4-sp/hard\libcr_c.a(printf.o)
 .comment       0x0000007e       0x7f c:/nxp/mcuxpressoide_10.2.0_759/ide/tools/bin/../lib/gcc/arm-none-eabi/7.2.1/../../../../arm-none-eabi/lib/thumb/v7e-m/fpv4-sp/hard\libcr_c.a(setvbuf.o)
 .comment       0x0000007e       0x7f c:/nxp/mcuxpressoide_10.2.0_759/ide/tools/bin/../lib/gcc/arm-none-eabi/7.2.1/../../../../arm-none-eabi/lib/thumb/v7e-m/fpv4-sp/hard\libcr_c.a(strlen.o)
 .comment       0x0000007e       0x7f c:/nxp/mcuxpressoide_10.2.0_759/ide/tools/bin/../lib/gcc/arm-none-eabi/7.2.1/../../../../arm-none-eabi/lib/thumb/v7e-m/fpv4-sp/hard\libcr_c.a(__init_alloc.o)
 .comment       0x0000007e       0x7f c:/nxp/mcuxpressoide_10.2.0_759/ide/tools/bin/../lib/gcc/arm-none-eabi/7.2.1/../../../../arm-none-eabi/lib/thumb/v7e-m/fpv4-sp/hard\libcr_c.a(_cr_sbrk.o)
 .comment       0x0000007e       0x7f c:/nxp/mcuxpressoide_10.2.0_759/ide/tools/bin/../lib/gcc/arm-none-eabi/7.2.1/../../../../arm-none-eabi/lib/thumb/v7e-m/fpv4-sp/hard\libcr_c.a(_fdopen.o)
 .comment       0x0000007e       0x7f c:/nxp/mcuxpressoide_10.2.0_759/ide/tools/bin/../lib/gcc/arm-none-eabi/7.2.1/../../../../arm-none-eabi/lib/thumb/v7e-m/fpv4-sp/hard\libcr_c.a(errno.o)
 .comment       0x0000007e       0x7f c:/nxp/mcuxpressoide_10.2.0_759/ide/tools/bin/../lib/gcc/arm-none-eabi/7.2.1/../../../../arm-none-eabi/lib/thumb/v7e-m/fpv4-sp/hard\libcr_c.a(fclose.o)
 .comment       0x0000007e       0x7f c:/nxp/mcuxpressoide_10.2.0_759/ide/tools/bin/../lib/gcc/arm-none-eabi/7.2.1/../../../../arm-none-eabi/lib/thumb/v7e-m/fpv4-sp/hard\libcr_c.a(fflush.o)
 .comment       0x0000007e       0x7f c:/nxp/mcuxpressoide_10.2.0_759/ide/tools/bin/../lib/gcc/arm-none-eabi/7.2.1/../../../../arm-none-eabi/lib/thumb/v7e-m/fpv4-sp/hard\libcr_c.a(remove.o)
 .comment       0x0000007e       0x7f c:/nxp/mcuxpressoide_10.2.0_759/ide/tools/bin/../lib/gcc/arm-none-eabi/7.2.1/../../../../arm-none-eabi/lib/thumb/v7e-m/fpv4-sp/hard\libcr_c.a(_cr_check_heap.o)
 .comment       0x0000007e       0x7f c:/nxp/mcuxpressoide_10.2.0_759/ide/tools/bin/../lib/gcc/arm-none-eabi/7.2.1/../../../../arm-none-eabi/lib/thumb/v7e-m/fpv4-sp/hard\libcr_c.a(_do_fflush.o)

.ARM.attributes
                0x00000000       0x37
 .ARM.attributes
                0x00000000       0x39 ./utilities/fsl_debug_console.o
 .ARM.attributes
                0x00000039       0x39 ./utilities/fsl_io.o
 .ARM.attributes
                0x00000072       0x39 ./utilities/fsl_log.o
 .ARM.attributes
                0x000000ab       0x39 ./startup/startup_mk64f12.o
 .ARM.attributes
                0x000000e4       0x39 ./source/GFX_Library.o
 .ARM.attributes
                0x0000011d       0x39 ./source/ILI9341.o
 .ARM.attributes
                0x00000156       0x39 ./source/main.o
 .ARM.attributes
                0x0000018f       0x39 ./source/semihost_hardfault.o
 .ARM.attributes
                0x000001c8       0x39 ./drivers/fsl_clock.o
 .ARM.attributes
                0x00000201       0x39 ./drivers/fsl_dspi.o
 .ARM.attributes
                0x0000023a       0x39 ./drivers/fsl_gpio.o
 .ARM.attributes
                0x00000273       0x39 ./drivers/fsl_i2c.o
 .ARM.attributes
                0x000002ac       0x39 ./drivers/fsl_pit.o
 .ARM.attributes
                0x000002e5       0x39 ./drivers/fsl_uart.o
 .ARM.attributes
                0x0000031e       0x39 ./board/board.o
 .ARM.attributes
                0x00000357       0x39 ./board/peripherals.o
 .ARM.attributes
                0x00000390       0x39 ./board/pin_mux.o
 .ARM.attributes
                0x000003c9       0x39 ./CMSIS/system_MK64F12.o
 .ARM.attributes
                0x00000402       0x39 c:/nxp/mcuxpressoide_10.2.0_759/ide/tools/bin/../lib/gcc/arm-none-eabi/7.2.1/../../../../arm-none-eabi/lib/thumb/v7e-m/fpv4-sp/hard\libcr_semihost_nf.a(_cr__main.o)
 .ARM.attributes
                0x0000043b       0x39 c:/nxp/mcuxpressoide_10.2.0_759/ide/tools/bin/../lib/gcc/arm-none-eabi/7.2.1/../../../../arm-none-eabi/lib/thumb/v7e-m/fpv4-sp/hard\libcr_semihost_nf.a(_cr_assert.o)
 .ARM.attributes
                0x00000474       0x39 c:/nxp/mcuxpressoide_10.2.0_759/ide/tools/bin/../lib/gcc/arm-none-eabi/7.2.1/../../../../arm-none-eabi/lib/thumb/v7e-m/fpv4-sp/hard\libcr_semihost_nf.a(__ciob.o)
 .ARM.attributes
                0x000004ad       0x25 c:/nxp/mcuxpressoide_10.2.0_759/ide/tools/bin/../lib/gcc/arm-none-eabi/7.2.1/../../../../arm-none-eabi/lib/thumb/v7e-m/fpv4-sp/hard\libcr_semihost_nf.a(__sys_appexit.o)
 .ARM.attributes
                0x000004d2       0x39 c:/nxp/mcuxpressoide_10.2.0_759/ide/tools/bin/../lib/gcc/arm-none-eabi/7.2.1/../../../../arm-none-eabi/lib/thumb/v7e-m/fpv4-sp/hard\libcr_c.a(memset.o)
 .ARM.attributes
                0x0000050b       0x39 c:/nxp/mcuxpressoide_10.2.0_759/ide/tools/bin/../lib/gcc/arm-none-eabi/7.2.1/../../../../arm-none-eabi/lib/thumb/v7e-m/fpv4-sp/hard\libcr_c.a(_deferredlazyseek.o)
 .ARM.attributes
                0x00000544       0x39 c:/nxp/mcuxpressoide_10.2.0_759/ide/tools/bin/../lib/gcc/arm-none-eabi/7.2.1/../../../../arm-none-eabi/lib/thumb/v7e-m/fpv4-sp/hard\libcr_c.a(_fflush.o)
 .ARM.attributes
                0x0000057d       0x39 c:/nxp/mcuxpressoide_10.2.0_759/ide/tools/bin/../lib/gcc/arm-none-eabi/7.2.1/../../../../arm-none-eabi/lib/thumb/v7e-m/fpv4-sp/hard\libcr_c.a(_writebuf.o)
 .ARM.attributes
                0x000005b6       0x39 c:/nxp/mcuxpressoide_10.2.0_759/ide/tools/bin/../lib/gcc/arm-none-eabi/7.2.1/../../../../arm-none-eabi/lib/thumb/v7e-m/fpv4-sp/hard\libcr_c.a(alloc.o)
 .ARM.attributes
                0x000005ef       0x39 c:/nxp/mcuxpressoide_10.2.0_759/ide/tools/bin/../lib/gcc/arm-none-eabi/7.2.1/../../../../arm-none-eabi/lib/thumb/v7e-m/fpv4-sp/hard\libcr_c.a(fputs.o)
 .ARM.attributes
                0x00000628       0x39 c:/nxp/mcuxpressoide_10.2.0_759/ide/tools/bin/../lib/gcc/arm-none-eabi/7.2.1/../../../../arm-none-eabi/lib/thumb/v7e-m/fpv4-sp/hard\libcr_c.a(fseek.o)
 .ARM.attributes
                0x00000661       0x39 c:/nxp/mcuxpressoide_10.2.0_759/ide/tools/bin/../lib/gcc/arm-none-eabi/7.2.1/../../../../arm-none-eabi/lib/thumb/v7e-m/fpv4-sp/hard\libcr_c.a(ftell.o)
 .ARM.attributes
                0x0000069a       0x39 c:/nxp/mcuxpressoide_10.2.0_759/ide/tools/bin/../lib/gcc/arm-none-eabi/7.2.1/../../../../arm-none-eabi/lib/thumb/v7e-m/fpv4-sp/hard\libcr_c.a(initio.o)
 .ARM.attributes
                0x000006d3       0x39 c:/nxp/mcuxpressoide_10.2.0_759/ide/tools/bin/../lib/gcc/arm-none-eabi/7.2.1/../../../../arm-none-eabi/lib/thumb/v7e-m/fpv4-sp/hard\libcr_c.a(printf.o)
 .ARM.attributes
                0x0000070c       0x39 c:/nxp/mcuxpressoide_10.2.0_759/ide/tools/bin/../lib/gcc/arm-none-eabi/7.2.1/../../../../arm-none-eabi/lib/thumb/v7e-m/fpv4-sp/hard\libcr_c.a(setvbuf.o)
 .ARM.attributes
                0x00000745       0x39 c:/nxp/mcuxpressoide_10.2.0_759/ide/tools/bin/../lib/gcc/arm-none-eabi/7.2.1/../../../../arm-none-eabi/lib/thumb/v7e-m/fpv4-sp/hard\libcr_c.a(strlen.o)
 .ARM.attributes
                0x0000077e       0x39 c:/nxp/mcuxpressoide_10.2.0_759/ide/tools/bin/../lib/gcc/arm-none-eabi/7.2.1/../../../../arm-none-eabi/lib/thumb/v7e-m/fpv4-sp/hard\libcr_c.a(__init_alloc.o)
 .ARM.attributes
                0x000007b7       0x39 c:/nxp/mcuxpressoide_10.2.0_759/ide/tools/bin/../lib/gcc/arm-none-eabi/7.2.1/../../../../arm-none-eabi/lib/thumb/v7e-m/fpv4-sp/hard\libcr_c.a(_cr_sbrk.o)
 .ARM.attributes
                0x000007f0       0x39 c:/nxp/mcuxpressoide_10.2.0_759/ide/tools/bin/../lib/gcc/arm-none-eabi/7.2.1/../../../../arm-none-eabi/lib/thumb/v7e-m/fpv4-sp/hard\libcr_c.a(_fdopen.o)
 .ARM.attributes
                0x00000829       0x39 c:/nxp/mcuxpressoide_10.2.0_759/ide/tools/bin/../lib/gcc/arm-none-eabi/7.2.1/../../../../arm-none-eabi/lib/thumb/v7e-m/fpv4-sp/hard\libcr_c.a(errno.o)
 .ARM.attributes
                0x00000862       0x39 c:/nxp/mcuxpressoide_10.2.0_759/ide/tools/bin/../lib/gcc/arm-none-eabi/7.2.1/../../../../arm-none-eabi/lib/thumb/v7e-m/fpv4-sp/hard\libcr_c.a(fclose.o)
 .ARM.attributes
                0x0000089b       0x39 c:/nxp/mcuxpressoide_10.2.0_759/ide/tools/bin/../lib/gcc/arm-none-eabi/7.2.1/../../../../arm-none-eabi/lib/thumb/v7e-m/fpv4-sp/hard\libcr_c.a(fflush.o)
 .ARM.attributes
                0x000008d4       0x39 c:/nxp/mcuxpressoide_10.2.0_759/ide/tools/bin/../lib/gcc/arm-none-eabi/7.2.1/../../../../arm-none-eabi/lib/thumb/v7e-m/fpv4-sp/hard\libcr_c.a(remove.o)
 .ARM.attributes
                0x0000090d       0x39 c:/nxp/mcuxpressoide_10.2.0_759/ide/tools/bin/../lib/gcc/arm-none-eabi/7.2.1/../../../../arm-none-eabi/lib/thumb/v7e-m/fpv4-sp/hard\libcr_c.a(_cr_check_heap.o)
 .ARM.attributes
                0x00000946       0x39 c:/nxp/mcuxpressoide_10.2.0_759/ide/tools/bin/../lib/gcc/arm-none-eabi/7.2.1/../../../../arm-none-eabi/lib/thumb/v7e-m/fpv4-sp/hard\libcr_c.a(_do_fflush.o)
 .ARM.attributes
                0x0000097f       0x25 c:/nxp/mcuxpressoide_10.2.0_759/ide/tools/bin/../lib/gcc/arm-none-eabi/7.2.1/thumb/v7e-m/fpv4-sp/hard\libcr_eabihelpers.a(division_64.o)
 .ARM.attributes
                0x000009a4       0x25 c:/nxp/mcuxpressoide_10.2.0_759/ide/tools/bin/../lib/gcc/arm-none-eabi/7.2.1/thumb/v7e-m/fpv4-sp/hard\libcr_eabihelpers.a(division_idiv0.o)
 .ARM.attributes
                0x000009c9       0x25 c:/nxp/mcuxpressoide_10.2.0_759/ide/tools/bin/../lib/gcc/arm-none-eabi/7.2.1/thumb/v7e-m/fpv4-sp/hard\libcr_eabihelpers.a(memcpy.o)
 .ARM.attributes
                0x000009ee       0x25 c:/nxp/mcuxpressoide_10.2.0_759/ide/tools/bin/../lib/gcc/arm-none-eabi/7.2.1/../../../../arm-none-eabi/lib/thumb/v7e-m/fpv4-sp/hard\libcr_semihost_nf.a(__sys_close.o)
 .ARM.attributes
                0x00000a13       0x25 c:/nxp/mcuxpressoide_10.2.0_759/ide/tools/bin/../lib/gcc/arm-none-eabi/7.2.1/../../../../arm-none-eabi/lib/thumb/v7e-m/fpv4-sp/hard\libcr_semihost_nf.a(__sys_flen.o)
 .ARM.attributes
                0x00000a38       0x25 c:/nxp/mcuxpressoide_10.2.0_759/ide/tools/bin/../lib/gcc/arm-none-eabi/7.2.1/../../../../arm-none-eabi/lib/thumb/v7e-m/fpv4-sp/hard\libcr_semihost_nf.a(__sys_istty.o)
 .ARM.attributes
                0x00000a5d       0x25 c:/nxp/mcuxpressoide_10.2.0_759/ide/tools/bin/../lib/gcc/arm-none-eabi/7.2.1/../../../../arm-none-eabi/lib/thumb/v7e-m/fpv4-sp/hard\libcr_semihost_nf.a(__sys_remove.o)
 .ARM.attributes
                0x00000a82       0x25 c:/nxp/mcuxpressoide_10.2.0_759/ide/tools/bin/../lib/gcc/arm-none-eabi/7.2.1/../../../../arm-none-eabi/lib/thumb/v7e-m/fpv4-sp/hard\libcr_semihost_nf.a(__sys_seek.o)
 .ARM.attributes
                0x00000aa7       0x25 c:/nxp/mcuxpressoide_10.2.0_759/ide/tools/bin/../lib/gcc/arm-none-eabi/7.2.1/../../../../arm-none-eabi/lib/thumb/v7e-m/fpv4-sp/hard\libcr_semihost_nf.a(__sys_tmpnam.o)
 .ARM.attributes
                0x00000acc       0x25 c:/nxp/mcuxpressoide_10.2.0_759/ide/tools/bin/../lib/gcc/arm-none-eabi/7.2.1/../../../../arm-none-eabi/lib/thumb/v7e-m/fpv4-sp/hard\libcr_semihost_nf.a(__sys_write.o)

.debug_frame    0x00000000     0x38b4
 .debug_frame   0x00000000       0x6c ./utilities/fsl_debug_console.o
 .debug_frame   0x0000006c       0xe0 ./utilities/fsl_io.o
 .debug_frame   0x0000014c      0x120 ./utilities/fsl_log.o
 .debug_frame   0x0000026c      0x904 ./startup/startup_mk64f12.o
 .debug_frame   0x00000b70      0x31c ./source/GFX_Library.o
 .debug_frame   0x00000e8c      0x2a0 ./source/ILI9341.o
 .debug_frame   0x0000112c      0x394 ./source/main.o
 .debug_frame   0x000014c0       0x20 ./source/semihost_hardfault.o
 .debug_frame   0x000014e0      0x820 ./drivers/fsl_clock.o
 .debug_frame   0x00001d00      0x810 ./drivers/fsl_dspi.o
 .debug_frame   0x00002510       0xec ./drivers/fsl_gpio.o
 .debug_frame   0x000025fc      0x694 ./drivers/fsl_i2c.o
 .debug_frame   0x00002c90       0xcc ./drivers/fsl_pit.o
 .debug_frame   0x00002d5c      0x5ec ./drivers/fsl_uart.o
 .debug_frame   0x00003348       0x34 ./board/board.o
 .debug_frame   0x0000337c      0x2c4 ./board/peripherals.o
 .debug_frame   0x00003640      0x200 ./board/pin_mux.o
 .debug_frame   0x00003840       0x74 ./CMSIS/system_MK64F12.o
